<?xml version="1.0" encoding="UTF-8"?>
<TestRun id="ad1a485b-b757-4da9-9877-1d8388d4f8f0" name="admin@DIS-VM-VS2010-H 2011-02-20 15:58:46" runUser="DIS-VM-VS2010-H\admin" xmlns="http://microsoft.com/schemas/VisualStudio/TeamTest/2010">
  <TestSettings name="IntegrationTests" id="85f80678-5acf-4267-a4f8-e5bf47bd5e87">
    <Description>This test run configuration uses the VS IDE host type in the test run.</Description>
    <Deployment enabled="false" runDeploymentRoot="admin_DIS-VM-VS2010-H 2011-02-20 15_58_46">
      <DeploymentItem filename="C:\Dev\TwitterStudio\TwitterStudio\bin\Debug\TwitterStudio.dll" />
      <DeploymentItem filename="C:\Program Files\Microsoft Visual Studio 2010 SDK\VisualStudioIntegration\Common\Assemblies\v4.0\Microsoft.VSSDK.UnitTestLibrary.dll" />
      <DeploymentItem filename="c:\Program Files\Microsoft Visual Studio 10.0\Common7\IDE\PublicAssemblies\Microsoft.VSSDK.TestHostFramework.dll" />
    </Deployment>
    <Execution>
      <Hosts>
        <VSSDKTestHostRunConfig name="VS IDE" HiveKind="DevEnv" HiveName="10.0Exp" xmlns="http://microsoft.com/schemas/VisualStudio/SDK/Tools/IdeHostAdapter/2006/06" />
      </Hosts>
      <TestTypeSpecific />
      <AgentRule name="Execution Agents">
      </AgentRule>
    </Execution>
  </TestSettings>
  <Times creation="2011-02-20T15:58:46.5112752-06:00" queuing="2011-02-20T15:58:48.8998944-06:00" start="2011-02-20T15:58:49.1998512-06:00" finish="2011-02-20T15:59:16.4628144-06:00" />
  <ResultSummary outcome="Error">
    <Counters total="5" executed="2" passed="1" error="0" failed="0" timeout="0" aborted="1" inconclusive="0" passedButRunAborted="0" notRunnable="0" notExecuted="3" disconnected="0" warning="0" completed="0" inProgress="0" pending="0" />
    <RunInfos>
      <RunInfo computerName="DIS-VM-VS2010-H" outcome="Error" timestamp="2011-02-20T15:59:16.4608080-06:00">
        <Text>Test host process exited unexpectedly.</Text>
      </RunInfo>
    </RunInfos>
  </ResultSummary>
  <TestDefinitions>
    <UnitTest name="IsIVsPackage" storage="c:\dev\twitterstudio\twitterstudio\twitterstudio_unittests\bin\debug\twitterstudio_unittests.dll" id="94a097df-c9c1-b2b0-92c3-fd4f8ddcb35b">
      <Execution id="629eb77e-d716-48d3-bff1-e5744cb96269" />
      <TestMethod codeBase="C:/Dev/TwitterStudio/TwitterStudio/TwitterStudio_UnitTests/bin/Debug/TwitterStudio_UnitTests.DLL" adapterTypeName="Microsoft.VisualStudio.TestTools.TestTypes.Unit.UnitTestAdapter, Microsoft.VisualStudio.QualityTools.Tips.UnitTest.Adapter, Version=10.0.0.0, Culture=neutral, PublicKeyToken=b03f5f7f11d50a3a" className="TwitterStudio_UnitTests.PackageTest, TwitterStudio_UnitTests, Version=0.0.0.0, Culture=neutral, PublicKeyToken=393be956a48c3d34" name="IsIVsPackage" />
    </UnitTest>
    <UnitTest name="InitializeMenuCommand" storage="c:\dev\twitterstudio\twitterstudio\twitterstudio_unittests\bin\debug\twitterstudio_unittests.dll" id="af6706e6-5d28-505b-0143-562d225de5f8">
      <Execution id="80daf8dd-4077-4f5d-a0e7-1e03f0b956f4" />
      <TestMethod codeBase="C:/Dev/TwitterStudio/TwitterStudio/TwitterStudio_UnitTests/bin/Debug/TwitterStudio_UnitTests.DLL" adapterTypeName="Microsoft.VisualStudio.TestTools.TestTypes.Unit.UnitTestAdapter, Microsoft.VisualStudio.QualityTools.Tips.UnitTest.Adapter, Version=10.0.0.0, Culture=neutral, PublicKeyToken=b03f5f7f11d50a3a" className="TwitterStudio_UnitTests.MenuItemTests.MenuItemTest, TwitterStudio_UnitTests, Version=0.0.0.0, Culture=neutral, PublicKeyToken=393be956a48c3d34" name="InitializeMenuCommand" />
    </UnitTest>
    <UnitTest name="CreateInstance" storage="c:\dev\twitterstudio\twitterstudio\twitterstudio_unittests\bin\debug\twitterstudio_unittests.dll" id="5a823876-5b0e-eeca-7666-24d2844c3ede">
      <Execution id="189dd1c6-1fff-431f-b6d5-15e43137c7d5" />
      <TestMethod codeBase="C:/Dev/TwitterStudio/TwitterStudio/TwitterStudio_UnitTests/bin/Debug/TwitterStudio_UnitTests.DLL" adapterTypeName="Microsoft.VisualStudio.TestTools.TestTypes.Unit.UnitTestAdapter, Microsoft.VisualStudio.QualityTools.Tips.UnitTest.Adapter, Version=10.0.0.0, Culture=neutral, PublicKeyToken=b03f5f7f11d50a3a" className="TwitterStudio_UnitTests.PackageTest, TwitterStudio_UnitTests, Version=0.0.0.0, Culture=neutral, PublicKeyToken=393be956a48c3d34" name="CreateInstance" />
    </UnitTest>
    <UnitTest name="MenuItemCallback" storage="c:\dev\twitterstudio\twitterstudio\twitterstudio_unittests\bin\debug\twitterstudio_unittests.dll" id="8831ae85-2c3a-dc43-342c-51513e288c84">
      <Execution id="a455b9ab-30a3-4c43-9901-b4cbda0994ba" />
      <TestMethod codeBase="C:/Dev/TwitterStudio/TwitterStudio/TwitterStudio_UnitTests/bin/Debug/TwitterStudio_UnitTests.DLL" adapterTypeName="Microsoft.VisualStudio.TestTools.TestTypes.Unit.UnitTestAdapter, Microsoft.VisualStudio.QualityTools.Tips.UnitTest.Adapter, Version=10.0.0.0, Culture=neutral, PublicKeyToken=b03f5f7f11d50a3a" className="TwitterStudio_UnitTests.MenuItemTests.MenuItemTest, TwitterStudio_UnitTests, Version=0.0.0.0, Culture=neutral, PublicKeyToken=393be956a48c3d34" name="MenuItemCallback" />
    </UnitTest>
    <UnitTest name="SetSite" storage="c:\dev\twitterstudio\twitterstudio\twitterstudio_unittests\bin\debug\twitterstudio_unittests.dll" id="dfebe8ed-4840-85d9-4beb-4cd06f95a4f3">
      <Execution id="72b7e558-022f-4bf7-9aad-5bda83d63cea" />
      <TestMethod codeBase="C:/Dev/TwitterStudio/TwitterStudio/TwitterStudio_UnitTests/bin/Debug/TwitterStudio_UnitTests.DLL" adapterTypeName="Microsoft.VisualStudio.TestTools.TestTypes.Unit.UnitTestAdapter, Microsoft.VisualStudio.QualityTools.Tips.UnitTest.Adapter, Version=10.0.0.0, Culture=neutral, PublicKeyToken=b03f5f7f11d50a3a" className="TwitterStudio_UnitTests.PackageTest, TwitterStudio_UnitTests, Version=0.0.0.0, Culture=neutral, PublicKeyToken=393be956a48c3d34" name="SetSite" />
    </UnitTest>
  </TestDefinitions>
  <TestLists>
    <TestList name="Results Not in a List" id="8c84fa94-04c1-424b-9868-57a2d4851a1d" />
    <TestList name="All Loaded Results" id="19431567-8539-422a-85d7-44ee4e166bda" />
  </TestLists>
  <TestEntries>
    <TestEntry testId="af6706e6-5d28-505b-0143-562d225de5f8" executionId="80daf8dd-4077-4f5d-a0e7-1e03f0b956f4" testListId="8c84fa94-04c1-424b-9868-57a2d4851a1d" />
    <TestEntry testId="8831ae85-2c3a-dc43-342c-51513e288c84" executionId="a455b9ab-30a3-4c43-9901-b4cbda0994ba" testListId="8c84fa94-04c1-424b-9868-57a2d4851a1d" />
    <TestEntry testId="5a823876-5b0e-eeca-7666-24d2844c3ede" executionId="189dd1c6-1fff-431f-b6d5-15e43137c7d5" testListId="8c84fa94-04c1-424b-9868-57a2d4851a1d" />
    <TestEntry testId="94a097df-c9c1-b2b0-92c3-fd4f8ddcb35b" executionId="629eb77e-d716-48d3-bff1-e5744cb96269" testListId="8c84fa94-04c1-424b-9868-57a2d4851a1d" />
    <TestEntry testId="dfebe8ed-4840-85d9-4beb-4cd06f95a4f3" executionId="72b7e558-022f-4bf7-9aad-5bda83d63cea" testListId="8c84fa94-04c1-424b-9868-57a2d4851a1d" />
  </TestEntries>
  <Results>
    <UnitTestResult executionId="80daf8dd-4077-4f5d-a0e7-1e03f0b956f4" testId="af6706e6-5d28-505b-0143-562d225de5f8" testName="InitializeMenuCommand" computerName="DIS-VM-VS2010-H" duration="00:00:00.4730707" startTime="2011-02-20T15:58:49.3924656-06:00" endTime="2011-02-20T15:58:50.6023248-06:00" testType="13cdc9d9-ddb5-4fa4-a97d-d965ccfc6d4b" outcome="Passed" testListId="8c84fa94-04c1-424b-9868-57a2d4851a1d" relativeResultsDirectory="80daf8dd-4077-4f5d-a0e7-1e03f0b956f4">
      <Output>
        <DebugTrace>Building method: Microsoft.VisualStudio.Shell.Interop.IProfferService.ProfferService
Building method: Microsoft.VisualStudio.Shell.Interop.IProfferService.RevokeService
Building method: Microsoft.VisualStudio.Shell.Interop.IUIHostLocale.GetUILocale
Building method: Microsoft.VisualStudio.Shell.Interop.IUIHostLocale.GetDialogFont
Building method: Microsoft.VisualStudio.Shell.Interop.IUIHostLocale2.GetUILocale
Building method: Microsoft.VisualStudio.Shell.Interop.IUIHostLocale2.GetDialogFont
Building method: Microsoft.VisualStudio.Shell.Interop.IUIHostLocale2.LoadUILibrary
Building method: Microsoft.VisualStudio.Shell.Interop.IUIHostLocale2.MungeDialogFont
Building method: Microsoft.VisualStudio.Shell.Interop.IUIHostLocale2.LoadDialog
Building method: Microsoft.VisualStudio.Shell.Interop.IUIHostLocale2.GetUILibraryFileName
Building method: Microsoft.VisualStudio.Shell.Interop.IVsResourceManager.LoadResourceString
Building method: Microsoft.VisualStudio.Shell.Interop.IVsResourceManager.LoadResourceBitmap
Building method: Microsoft.VisualStudio.Shell.Interop.IVsResourceManager.LoadResourceIcon
Building method: Microsoft.VisualStudio.Shell.Interop.IVsResourceManager.LoadResourceBlob
Building method: Microsoft.VisualStudio.Shell.Interop.IVsResourceManager.LoadResourceString2
Building method: Microsoft.VisualStudio.Shell.Interop.IVsResourceManager.LoadResourceBitmap2
Building method: Microsoft.VisualStudio.Shell.Interop.IVsResourceManager.LoadResourceIcon2
Building method: Microsoft.VisualStudio.Shell.Interop.IVsResourceManager.LoadResourceBlob2
Building method: Microsoft.VisualStudio.Shell.Interop.IVsResourceManager.GetSatelliteAssemblyPath
</DebugTrace>
      </Output>
    </UnitTestResult>
    <UnitTestResult executionId="a455b9ab-30a3-4c43-9901-b4cbda0994ba" testId="8831ae85-2c3a-dc43-342c-51513e288c84" testName="MenuItemCallback" computerName="DIS-VM-VS2010-H" duration="00:00:25.8474480" startTime="2011-02-20T15:58:50.6143632-06:00" endTime="2011-02-20T15:59:16.4618112-06:00" testType="13cdc9d9-ddb5-4fa4-a97d-d965ccfc6d4b" outcome="Aborted" testListId="8c84fa94-04c1-424b-9868-57a2d4851a1d" relativeResultsDirectory="a455b9ab-30a3-4c43-9901-b4cbda0994ba">
    </UnitTestResult>
    <UnitTestResult executionId="189dd1c6-1fff-431f-b6d5-15e43137c7d5" testId="5a823876-5b0e-eeca-7666-24d2844c3ede" testName="CreateInstance" computerName="DIS-VM-VS2010-H" testType="13cdc9d9-ddb5-4fa4-a97d-d965ccfc6d4b" outcome="NotExecuted" testListId="8c84fa94-04c1-424b-9868-57a2d4851a1d" relativeResultsDirectory="189dd1c6-1fff-431f-b6d5-15e43137c7d5">
    </UnitTestResult>
    <UnitTestResult executionId="629eb77e-d716-48d3-bff1-e5744cb96269" testId="94a097df-c9c1-b2b0-92c3-fd4f8ddcb35b" testName="IsIVsPackage" computerName="DIS-VM-VS2010-H" testType="13cdc9d9-ddb5-4fa4-a97d-d965ccfc6d4b" outcome="NotExecuted" testListId="8c84fa94-04c1-424b-9868-57a2d4851a1d" relativeResultsDirectory="629eb77e-d716-48d3-bff1-e5744cb96269">
    </UnitTestResult>
    <UnitTestResult executionId="72b7e558-022f-4bf7-9aad-5bda83d63cea" testId="dfebe8ed-4840-85d9-4beb-4cd06f95a4f3" testName="SetSite" computerName="DIS-VM-VS2010-H" testType="13cdc9d9-ddb5-4fa4-a97d-d965ccfc6d4b" outcome="NotExecuted" testListId="8c84fa94-04c1-424b-9868-57a2d4851a1d" relativeResultsDirectory="72b7e558-022f-4bf7-9aad-5bda83d63cea">
    </UnitTestResult>
  </Results>
</TestRun>