<?xml version="1.0" encoding="UTF-8"?>
<TestRun id="73861941-4ebf-4278-819c-9da7756f2367" name="admin@DIS-VM-VS2010-H 2011-02-20 15:57:08" runUser="DIS-VM-VS2010-H\admin" xmlns="http://microsoft.com/schemas/VisualStudio/TeamTest/2010">
  <TestSettings name="IntegrationTests" id="85f80678-5acf-4267-a4f8-e5bf47bd5e87">
    <Description>This test run configuration uses the VS IDE host type in the test run.</Description>
    <Deployment enabled="false" runDeploymentRoot="admin_DIS-VM-VS2010-H 2011-02-20 15_57_08">
      <DeploymentItem filename="C:\Dev\TwitterStudio\TwitterStudio\bin\Debug\TwitterStudio.dll" />
      <DeploymentItem filename="C:\Program Files\Microsoft Visual Studio 2010 SDK\VisualStudioIntegration\Common\Assemblies\v4.0\Microsoft.VSSDK.UnitTestLibrary.dll" />
      <DeploymentItem filename="c:\Program Files\Microsoft Visual Studio 10.0\Common7\IDE\PublicAssemblies\Microsoft.VSSDK.TestHostFramework.dll" />
    </Deployment>
    <Execution>
      <Hosts>
        <VSSDKTestHostRunConfig name="VS IDE" HiveKind="DevEnv" HiveName="10.0Exp" xmlns="http://microsoft.com/schemas/VisualStudio/SDK/Tools/IdeHostAdapter/2006/06" />
      </Hosts>
      <TestTypeSpecific />
      <AgentRule name="Execution Agents">
      </AgentRule>
    </Execution>
  </TestSettings>
  <Times creation="2011-02-20T15:57:08.2187424-06:00" queuing="2011-02-20T15:57:11.4119280-06:00" start="2011-02-20T15:57:11.7750864-06:00" finish="2011-02-20T15:57:49.9739328-06:00" />
  <ResultSummary outcome="Error">
    <Counters total="9" executed="2" passed="1" error="0" failed="0" timeout="0" aborted="1" inconclusive="0" passedButRunAborted="0" notRunnable="0" notExecuted="7" disconnected="0" warning="0" completed="0" inProgress="0" pending="0" />
    <RunInfos>
      <RunInfo computerName="DIS-VM-VS2010-H" outcome="Error" timestamp="2011-02-20T15:57:49.9699200-06:00">
        <Text>Test host process exited unexpectedly.</Text>
      </RunInfo>
    </RunInfos>
  </ResultSummary>
  <TestDefinitions>
    <UnitTest name="ShowToolwindowNegativeTest" storage="c:\dev\twitterstudio\twitterstudio\twitterstudio_unittests\bin\debug\twitterstudio_unittests.dll" id="ef4916c9-e1ec-fcd3-65af-e25b1db98f5b">
      <Execution id="27c1ffbc-ecb3-4633-8fcd-c5fbf5a7ccfc" />
      <TestMethod codeBase="C:/Dev/TwitterStudio/TwitterStudio/TwitterStudio_UnitTests/bin/Debug/TwitterStudio_UnitTests.DLL" adapterTypeName="Microsoft.VisualStudio.TestTools.TestTypes.Unit.UnitTestAdapter, Microsoft.VisualStudio.QualityTools.Tips.UnitTest.Adapter, Version=10.0.0.0, Culture=neutral, PublicKeyToken=b03f5f7f11d50a3a" className="TwitterStudio_UnitTests.MyToolWindowTest.ShowToolWindowTest, TwitterStudio_UnitTests, Version=0.0.0.0, Culture=neutral, PublicKeyToken=393be956a48c3d34" name="ShowToolwindowNegativeTest" />
    </UnitTest>
    <UnitTest name="IsIVsPackage" storage="c:\dev\twitterstudio\twitterstudio\twitterstudio_unittests\bin\debug\twitterstudio_unittests.dll" id="94a097df-c9c1-b2b0-92c3-fd4f8ddcb35b">
      <Execution id="bda11595-aeaf-4cb5-b06e-b2ce67ab13dc" />
      <TestMethod codeBase="C:/Dev/TwitterStudio/TwitterStudio/TwitterStudio_UnitTests/bin/Debug/TwitterStudio_UnitTests.DLL" adapterTypeName="Microsoft.VisualStudio.TestTools.TestTypes.Unit.UnitTestAdapter, Microsoft.VisualStudio.QualityTools.Tips.UnitTest.Adapter, Version=10.0.0.0, Culture=neutral, PublicKeyToken=b03f5f7f11d50a3a" className="TwitterStudio_UnitTests.PackageTest, TwitterStudio_UnitTests, Version=0.0.0.0, Culture=neutral, PublicKeyToken=393be956a48c3d34" name="IsIVsPackage" />
    </UnitTest>
    <UnitTest name="CreateInstance" storage="c:\dev\twitterstudio\twitterstudio\twitterstudio_unittests\bin\debug\twitterstudio_unittests.dll" id="5a823876-5b0e-eeca-7666-24d2844c3ede">
      <Execution id="7a21f1ae-8df6-4076-ba7c-7ad203402c7e" />
      <TestMethod codeBase="C:/Dev/TwitterStudio/TwitterStudio/TwitterStudio_UnitTests/bin/Debug/TwitterStudio_UnitTests.DLL" adapterTypeName="Microsoft.VisualStudio.TestTools.TestTypes.Unit.UnitTestAdapter, Microsoft.VisualStudio.QualityTools.Tips.UnitTest.Adapter, Version=10.0.0.0, Culture=neutral, PublicKeyToken=b03f5f7f11d50a3a" className="TwitterStudio_UnitTests.PackageTest, TwitterStudio_UnitTests, Version=0.0.0.0, Culture=neutral, PublicKeyToken=393be956a48c3d34" name="CreateInstance" />
    </UnitTest>
    <UnitTest name="ValidateToolWindowShown" storage="c:\dev\twitterstudio\twitterstudio\twitterstudio_unittests\bin\debug\twitterstudio_unittests.dll" id="f513b619-7ab2-908b-9eb6-dec52e414ab7">
      <Execution id="0ea85e3e-d232-45e8-b488-87da8f492de0" />
      <TestMethod codeBase="C:/Dev/TwitterStudio/TwitterStudio/TwitterStudio_UnitTests/bin/Debug/TwitterStudio_UnitTests.DLL" adapterTypeName="Microsoft.VisualStudio.TestTools.TestTypes.Unit.UnitTestAdapter, Microsoft.VisualStudio.QualityTools.Tips.UnitTest.Adapter, Version=10.0.0.0, Culture=neutral, PublicKeyToken=b03f5f7f11d50a3a" className="TwitterStudio_UnitTests.MyToolWindowTest.ShowToolWindowTest, TwitterStudio_UnitTests, Version=0.0.0.0, Culture=neutral, PublicKeyToken=393be956a48c3d34" name="ValidateToolWindowShown" />
    </UnitTest>
    <UnitTest name="WindowPropertyTest" storage="c:\dev\twitterstudio\twitterstudio\twitterstudio_unittests\bin\debug\twitterstudio_unittests.dll" id="b0bd07b7-f208-c60c-23d6-e543ef9c678c">
      <Execution id="5ffa5caf-6517-44e2-bd01-d0921430e513" />
      <TestMethod codeBase="C:/Dev/TwitterStudio/TwitterStudio/TwitterStudio_UnitTests/bin/Debug/TwitterStudio_UnitTests.DLL" adapterTypeName="Microsoft.VisualStudio.TestTools.TestTypes.Unit.UnitTestAdapter, Microsoft.VisualStudio.QualityTools.Tips.UnitTest.Adapter, Version=10.0.0.0, Culture=neutral, PublicKeyToken=b03f5f7f11d50a3a" className="TwitterStudio_UnitTests.MyToolWindowTest.MyToolWindowTest, TwitterStudio_UnitTests, Version=0.0.0.0, Culture=neutral, PublicKeyToken=393be956a48c3d34" name="WindowPropertyTest" />
    </UnitTest>
    <UnitTest name="SetSite" storage="c:\dev\twitterstudio\twitterstudio\twitterstudio_unittests\bin\debug\twitterstudio_unittests.dll" id="dfebe8ed-4840-85d9-4beb-4cd06f95a4f3">
      <Execution id="f12f30ce-95cd-4d01-9df5-d1cba8235aab" />
      <TestMethod codeBase="C:/Dev/TwitterStudio/TwitterStudio/TwitterStudio_UnitTests/bin/Debug/TwitterStudio_UnitTests.DLL" adapterTypeName="Microsoft.VisualStudio.TestTools.TestTypes.Unit.UnitTestAdapter, Microsoft.VisualStudio.QualityTools.Tips.UnitTest.Adapter, Version=10.0.0.0, Culture=neutral, PublicKeyToken=b03f5f7f11d50a3a" className="TwitterStudio_UnitTests.PackageTest, TwitterStudio_UnitTests, Version=0.0.0.0, Culture=neutral, PublicKeyToken=393be956a48c3d34" name="SetSite" />
    </UnitTest>
    <UnitTest name="MenuItemCallback" storage="c:\dev\twitterstudio\twitterstudio\twitterstudio_unittests\bin\debug\twitterstudio_unittests.dll" id="8831ae85-2c3a-dc43-342c-51513e288c84">
      <Execution id="d7f258b7-5470-4b41-8495-c2419dc8ac60" />
      <TestMethod codeBase="C:/Dev/TwitterStudio/TwitterStudio/TwitterStudio_UnitTests/bin/Debug/TwitterStudio_UnitTests.DLL" adapterTypeName="Microsoft.VisualStudio.TestTools.TestTypes.Unit.UnitTestAdapter, Microsoft.VisualStudio.QualityTools.Tips.UnitTest.Adapter, Version=10.0.0.0, Culture=neutral, PublicKeyToken=b03f5f7f11d50a3a" className="TwitterStudio_UnitTests.MenuItemTests.MenuItemTest, TwitterStudio_UnitTests, Version=0.0.0.0, Culture=neutral, PublicKeyToken=393be956a48c3d34" name="MenuItemCallback" />
    </UnitTest>
    <UnitTest name="MyToolWindowConstructorTest" storage="c:\dev\twitterstudio\twitterstudio\twitterstudio_unittests\bin\debug\twitterstudio_unittests.dll" id="c20daa96-d79c-6045-a663-3c1c3885fd25">
      <Execution id="8fda55f3-8c5d-420e-9744-45b6545f86c1" />
      <TestMethod codeBase="C:/Dev/TwitterStudio/TwitterStudio/TwitterStudio_UnitTests/bin/Debug/TwitterStudio_UnitTests.DLL" adapterTypeName="Microsoft.VisualStudio.TestTools.TestTypes.Unit.UnitTestAdapter, Microsoft.VisualStudio.QualityTools.Tips.UnitTest.Adapter, Version=10.0.0.0, Culture=neutral, PublicKeyToken=b03f5f7f11d50a3a" className="TwitterStudio_UnitTests.MyToolWindowTest.MyToolWindowTest, TwitterStudio_UnitTests, Version=0.0.0.0, Culture=neutral, PublicKeyToken=393be956a48c3d34" name="MyToolWindowConstructorTest" />
    </UnitTest>
    <UnitTest name="InitializeMenuCommand" storage="c:\dev\twitterstudio\twitterstudio\twitterstudio_unittests\bin\debug\twitterstudio_unittests.dll" id="af6706e6-5d28-505b-0143-562d225de5f8">
      <Execution id="6a7d6ad5-4e74-407e-ba9c-64313c965739" />
      <TestMethod codeBase="C:/Dev/TwitterStudio/TwitterStudio/TwitterStudio_UnitTests/bin/Debug/TwitterStudio_UnitTests.DLL" adapterTypeName="Microsoft.VisualStudio.TestTools.TestTypes.Unit.UnitTestAdapter, Microsoft.VisualStudio.QualityTools.Tips.UnitTest.Adapter, Version=10.0.0.0, Culture=neutral, PublicKeyToken=b03f5f7f11d50a3a" className="TwitterStudio_UnitTests.MenuItemTests.MenuItemTest, TwitterStudio_UnitTests, Version=0.0.0.0, Culture=neutral, PublicKeyToken=393be956a48c3d34" name="InitializeMenuCommand" />
    </UnitTest>
  </TestDefinitions>
  <TestLists>
    <TestList name="Results Not in a List" id="8c84fa94-04c1-424b-9868-57a2d4851a1d" />
    <TestList name="All Loaded Results" id="19431567-8539-422a-85d7-44ee4e166bda" />
  </TestLists>
  <TestEntries>
    <TestEntry testId="f513b619-7ab2-908b-9eb6-dec52e414ab7" executionId="0ea85e3e-d232-45e8-b488-87da8f492de0" testListId="8c84fa94-04c1-424b-9868-57a2d4851a1d" />
    <TestEntry testId="ef4916c9-e1ec-fcd3-65af-e25b1db98f5b" executionId="27c1ffbc-ecb3-4633-8fcd-c5fbf5a7ccfc" testListId="8c84fa94-04c1-424b-9868-57a2d4851a1d" />
    <TestEntry testId="c20daa96-d79c-6045-a663-3c1c3885fd25" executionId="8fda55f3-8c5d-420e-9744-45b6545f86c1" testListId="8c84fa94-04c1-424b-9868-57a2d4851a1d" />
    <TestEntry testId="b0bd07b7-f208-c60c-23d6-e543ef9c678c" executionId="5ffa5caf-6517-44e2-bd01-d0921430e513" testListId="8c84fa94-04c1-424b-9868-57a2d4851a1d" />
    <TestEntry testId="af6706e6-5d28-505b-0143-562d225de5f8" executionId="6a7d6ad5-4e74-407e-ba9c-64313c965739" testListId="8c84fa94-04c1-424b-9868-57a2d4851a1d" />
    <TestEntry testId="8831ae85-2c3a-dc43-342c-51513e288c84" executionId="d7f258b7-5470-4b41-8495-c2419dc8ac60" testListId="8c84fa94-04c1-424b-9868-57a2d4851a1d" />
    <TestEntry testId="5a823876-5b0e-eeca-7666-24d2844c3ede" executionId="7a21f1ae-8df6-4076-ba7c-7ad203402c7e" testListId="8c84fa94-04c1-424b-9868-57a2d4851a1d" />
    <TestEntry testId="94a097df-c9c1-b2b0-92c3-fd4f8ddcb35b" executionId="bda11595-aeaf-4cb5-b06e-b2ce67ab13dc" testListId="8c84fa94-04c1-424b-9868-57a2d4851a1d" />
    <TestEntry testId="dfebe8ed-4840-85d9-4beb-4cd06f95a4f3" executionId="f12f30ce-95cd-4d01-9df5-d1cba8235aab" testListId="8c84fa94-04c1-424b-9868-57a2d4851a1d" />
  </TestEntries>
  <Results>
    <UnitTestResult executionId="0ea85e3e-d232-45e8-b488-87da8f492de0" testId="f513b619-7ab2-908b-9eb6-dec52e414ab7" testName="ValidateToolWindowShown" computerName="DIS-VM-VS2010-H" duration="00:00:00.9844882" startTime="2011-02-20T15:57:12.3128016-06:00" endTime="2011-02-20T15:57:14.4155088-06:00" testType="13cdc9d9-ddb5-4fa4-a97d-d965ccfc6d4b" outcome="Passed" testListId="8c84fa94-04c1-424b-9868-57a2d4851a1d" relativeResultsDirectory="0ea85e3e-d232-45e8-b488-87da8f492de0">
      <Output>
        <DebugTrace>Building method: Microsoft.VisualStudio.Shell.Interop.IProfferService.ProfferService
Building method: Microsoft.VisualStudio.Shell.Interop.IProfferService.RevokeService
Building method: Microsoft.VisualStudio.Shell.Interop.IUIHostLocale.GetUILocale
Building method: Microsoft.VisualStudio.Shell.Interop.IUIHostLocale.GetDialogFont
Building method: Microsoft.VisualStudio.Shell.Interop.IUIHostLocale2.GetUILocale
Building method: Microsoft.VisualStudio.Shell.Interop.IUIHostLocale2.GetDialogFont
Building method: Microsoft.VisualStudio.Shell.Interop.IUIHostLocale2.LoadUILibrary
Building method: Microsoft.VisualStudio.Shell.Interop.IUIHostLocale2.MungeDialogFont
Building method: Microsoft.VisualStudio.Shell.Interop.IUIHostLocale2.LoadDialog
Building method: Microsoft.VisualStudio.Shell.Interop.IUIHostLocale2.GetUILibraryFileName
Building method: Microsoft.VisualStudio.Shell.Interop.IVsResourceManager.LoadResourceString
Building method: Microsoft.VisualStudio.Shell.Interop.IVsResourceManager.LoadResourceBitmap
Building method: Microsoft.VisualStudio.Shell.Interop.IVsResourceManager.LoadResourceIcon
Building method: Microsoft.VisualStudio.Shell.Interop.IVsResourceManager.LoadResourceBlob
Building method: Microsoft.VisualStudio.Shell.Interop.IVsResourceManager.LoadResourceString2
Building method: Microsoft.VisualStudio.Shell.Interop.IVsResourceManager.LoadResourceBitmap2
Building method: Microsoft.VisualStudio.Shell.Interop.IVsResourceManager.LoadResourceIcon2
Building method: Microsoft.VisualStudio.Shell.Interop.IVsResourceManager.LoadResourceBlob2
Building method: Microsoft.VisualStudio.Shell.Interop.IVsResourceManager.GetSatelliteAssemblyPath
Building method: Microsoft.VisualStudio.Shell.Interop.IVsUIShell.AddNewBFNavigationItem
Building method: Microsoft.VisualStudio.Shell.Interop.IVsUIShell.OnModeChange
Building method: Microsoft.VisualStudio.Shell.Interop.IVsUIShell.GetErrorInfo
Building method: Microsoft.VisualStudio.Shell.Interop.IVsUIShell.GetOpenFileNameViaDlg
Building method: Microsoft.VisualStudio.Shell.Interop.IVsUIShell.GetSaveFileNameViaDlg
Building method: Microsoft.VisualStudio.Shell.Interop.IVsUIShell.GetDirectoryViaBrowseDlg
Building method: Microsoft.VisualStudio.Shell.Interop.IVsUIShell.CenterDialogOnWindow
Building method: Microsoft.VisualStudio.Shell.Interop.IVsUIShell.GetPreviousBFNavigationItem
Building method: Microsoft.VisualStudio.Shell.Interop.IVsUIShell.GetNextBFNavigationItem
Building method: Microsoft.VisualStudio.Shell.Interop.IVsUIShell.GetURLViaDlg
Building method: Microsoft.VisualStudio.Shell.Interop.IVsUIShell.RemoveAdjacentBFNavigationItem
Building method: Microsoft.VisualStudio.Shell.Interop.IVsUIShell.RemoveCurrentNavigationDupes
Building method: Microsoft.VisualStudio.Shell.Interop.IVsUIShell.GetToolWindowEnum
Building method: Microsoft.VisualStudio.Shell.Interop.IVsUIShell.GetDocumentWindowEnum
Building method: Microsoft.VisualStudio.Shell.Interop.IVsUIShell.FindToolWindow
Building method: Microsoft.VisualStudio.Shell.Interop.IVsUIShell.CreateToolWindow
Building method: Microsoft.VisualStudio.Shell.Interop.IVsUIShell.CreateDocumentWindow
Building method: Microsoft.VisualStudio.Shell.Interop.IVsUIShell.SetErrorInfo
Building method: Microsoft.VisualStudio.Shell.Interop.IVsUIShell.ReportErrorInfo
Building method: Microsoft.VisualStudio.Shell.Interop.IVsUIShell.GetDialogOwnerHwnd
Building method: Microsoft.VisualStudio.Shell.Interop.IVsUIShell.EnableModeless
Building method: Microsoft.VisualStudio.Shell.Interop.IVsUIShell.SaveDocDataToFile
Building method: Microsoft.VisualStudio.Shell.Interop.IVsUIShell.SetupToolbar
Building method: Microsoft.VisualStudio.Shell.Interop.IVsUIShell.SetForegroundWindow
Building method: Microsoft.VisualStudio.Shell.Interop.IVsUIShell.TranslateAcceleratorAsACmd
Building method: Microsoft.VisualStudio.Shell.Interop.IVsUIShell.UpdateCommandUI
Building method: Microsoft.VisualStudio.Shell.Interop.IVsUIShell.UpdateDocDataIsDirtyFeedback
Building method: Microsoft.VisualStudio.Shell.Interop.IVsUIShell.RefreshPropertyBrowser
Building method: Microsoft.VisualStudio.Shell.Interop.IVsUIShell.SetWaitCursor
Building method: Microsoft.VisualStudio.Shell.Interop.IVsUIShell.PostExecCommand
Building method: Microsoft.VisualStudio.Shell.Interop.IVsUIShell.ShowContextMenu
Building method: Microsoft.VisualStudio.Shell.Interop.IVsUIShell.ShowMessageBox
Building method: Microsoft.VisualStudio.Shell.Interop.IVsUIShell.SetMRUComboText
Building method: Microsoft.VisualStudio.Shell.Interop.IVsUIShell.SetToolbarVisibleInFullScreen
Building method: Microsoft.VisualStudio.Shell.Interop.IVsUIShell.FindToolWindowEx
Building method: Microsoft.VisualStudio.Shell.Interop.IVsUIShell.GetAppName
Building method: Microsoft.VisualStudio.Shell.Interop.IVsUIShell.GetVSSysColor
Building method: Microsoft.VisualStudio.Shell.Interop.IVsUIShell.SetMRUComboTextW
Building method: Microsoft.VisualStudio.Shell.Interop.IVsUIShell.PostSetFocusMenuCommand
Building method: Microsoft.VisualStudio.Shell.Interop.IVsUIShell.GetCurrentBFNavigationItem
Building method: Microsoft.VisualStudio.Shell.Interop.IVsUIShellOpenDocument.IsDocumentOpen
Building method: Microsoft.VisualStudio.Shell.Interop.IVsUIShellOpenDocument.IsDocumentInAProject
Building method: Microsoft.VisualStudio.Shell.Interop.IVsUIShellOpenDocument.OpenDocumentViaProject
Building method: Microsoft.VisualStudio.Shell.Interop.IVsUIShellOpenDocument.OpenStandardEditor
Building method: Microsoft.VisualStudio.Shell.Interop.IVsUIShellOpenDocument.OpenStandardPreviewer
Building method: Microsoft.VisualStudio.Shell.Interop.IVsUIShellOpenDocument.GetStandardEditorFactory
Building method: Microsoft.VisualStudio.Shell.Interop.IVsUIShellOpenDocument.MapLogicalView
Building method: Microsoft.VisualStudio.Shell.Interop.IVsUIShellOpenDocument.OpenSpecificEditor
Building method: Microsoft.VisualStudio.Shell.Interop.IVsUIShellOpenDocument.InitializeEditorInstance
Building method: Microsoft.VisualStudio.Shell.Interop.IVsUIShellOpenDocument.IsSpecificDocumentViewOpen
Building method: Microsoft.VisualStudio.Shell.Interop.IVsUIShellOpenDocument.OpenDocumentViaProjectWithSpecific
Building method: Microsoft.VisualStudio.Shell.Interop.IVsUIShellOpenDocument.OpenCopyOfStandardEditor
Building method: Microsoft.VisualStudio.Shell.Interop.IVsUIShellOpenDocument.GetFirstDefaultPreviewer
Building method: Microsoft.VisualStudio.Shell.Interop.IVsUIShellOpenDocument.SearchProjectsForRelativePath
Building method: Microsoft.VisualStudio.Shell.Interop.IVsUIShellOpenDocument.AddStandardPreviewer
Building method: Microsoft.VisualStudio.Shell.Interop.IVsWindowFrame.Show
Building method: Microsoft.VisualStudio.Shell.Interop.IVsWindowFrame.Hide
Building method: Microsoft.VisualStudio.Shell.Interop.IVsWindowFrame.IsVisible
Building method: Microsoft.VisualStudio.Shell.Interop.IVsWindowFrame.ShowNoActivate
Building method: Microsoft.VisualStudio.Shell.Interop.IVsWindowFrame.CloseFrame
Building method: Microsoft.VisualStudio.Shell.Interop.IVsWindowFrame.SetFramePos
Building method: Microsoft.VisualStudio.Shell.Interop.IVsWindowFrame.GetFramePos
Building method: Microsoft.VisualStudio.Shell.Interop.IVsWindowFrame.GetProperty
Building method: Microsoft.VisualStudio.Shell.Interop.IVsWindowFrame.SetProperty
Building method: Microsoft.VisualStudio.Shell.Interop.IVsWindowFrame.GetGuidProperty
Building method: Microsoft.VisualStudio.Shell.Interop.IVsWindowFrame.SetGuidProperty
Building method: Microsoft.VisualStudio.Shell.Interop.IVsWindowFrame.QueryViewInterface
Building method: Microsoft.VisualStudio.Shell.Interop.IVsWindowFrame.IsOnScreen
Building method: Microsoft.VisualStudio.Shell.Interop.IVsWindowFrame2.Advise
Building method: Microsoft.VisualStudio.Shell.Interop.IVsWindowFrame2.Unadvise
Building method: Microsoft.VisualStudio.Shell.Interop.IVsWindowFrame2.ActivateOwnerDockedWindow
</DebugTrace>
      </Output>
    </UnitTestResult>
    <UnitTestResult executionId="27c1ffbc-ecb3-4633-8fcd-c5fbf5a7ccfc" testId="ef4916c9-e1ec-fcd3-65af-e25b1db98f5b" testName="ShowToolwindowNegativeTest" computerName="DIS-VM-VS2010-H" duration="00:00:35.5453824" startTime="2011-02-20T15:57:14.4285504-06:00" endTime="2011-02-20T15:57:49.9739328-06:00" testType="13cdc9d9-ddb5-4fa4-a97d-d965ccfc6d4b" outcome="Aborted" testListId="8c84fa94-04c1-424b-9868-57a2d4851a1d" relativeResultsDirectory="27c1ffbc-ecb3-4633-8fcd-c5fbf5a7ccfc">
    </UnitTestResult>
    <UnitTestResult executionId="8fda55f3-8c5d-420e-9744-45b6545f86c1" testId="c20daa96-d79c-6045-a663-3c1c3885fd25" testName="MyToolWindowConstructorTest" computerName="DIS-VM-VS2010-H" testType="13cdc9d9-ddb5-4fa4-a97d-d965ccfc6d4b" outcome="NotExecuted" testListId="8c84fa94-04c1-424b-9868-57a2d4851a1d" relativeResultsDirectory="8fda55f3-8c5d-420e-9744-45b6545f86c1">
    </UnitTestResult>
    <UnitTestResult executionId="5ffa5caf-6517-44e2-bd01-d0921430e513" testId="b0bd07b7-f208-c60c-23d6-e543ef9c678c" testName="WindowPropertyTest" computerName="DIS-VM-VS2010-H" testType="13cdc9d9-ddb5-4fa4-a97d-d965ccfc6d4b" outcome="NotExecuted" testListId="8c84fa94-04c1-424b-9868-57a2d4851a1d" relativeResultsDirectory="5ffa5caf-6517-44e2-bd01-d0921430e513">
    </UnitTestResult>
    <UnitTestResult executionId="6a7d6ad5-4e74-407e-ba9c-64313c965739" testId="af6706e6-5d28-505b-0143-562d225de5f8" testName="InitializeMenuCommand" computerName="DIS-VM-VS2010-H" testType="13cdc9d9-ddb5-4fa4-a97d-d965ccfc6d4b" outcome="NotExecuted" testListId="8c84fa94-04c1-424b-9868-57a2d4851a1d" relativeResultsDirectory="6a7d6ad5-4e74-407e-ba9c-64313c965739">
    </UnitTestResult>
    <UnitTestResult executionId="d7f258b7-5470-4b41-8495-c2419dc8ac60" testId="8831ae85-2c3a-dc43-342c-51513e288c84" testName="MenuItemCallback" computerName="DIS-VM-VS2010-H" testType="13cdc9d9-ddb5-4fa4-a97d-d965ccfc6d4b" outcome="NotExecuted" testListId="8c84fa94-04c1-424b-9868-57a2d4851a1d" relativeResultsDirectory="d7f258b7-5470-4b41-8495-c2419dc8ac60">
    </UnitTestResult>
    <UnitTestResult executionId="7a21f1ae-8df6-4076-ba7c-7ad203402c7e" testId="5a823876-5b0e-eeca-7666-24d2844c3ede" testName="CreateInstance" computerName="DIS-VM-VS2010-H" testType="13cdc9d9-ddb5-4fa4-a97d-d965ccfc6d4b" outcome="NotExecuted" testListId="8c84fa94-04c1-424b-9868-57a2d4851a1d" relativeResultsDirectory="7a21f1ae-8df6-4076-ba7c-7ad203402c7e">
    </UnitTestResult>
    <UnitTestResult executionId="bda11595-aeaf-4cb5-b06e-b2ce67ab13dc" testId="94a097df-c9c1-b2b0-92c3-fd4f8ddcb35b" testName="IsIVsPackage" computerName="DIS-VM-VS2010-H" testType="13cdc9d9-ddb5-4fa4-a97d-d965ccfc6d4b" outcome="NotExecuted" testListId="8c84fa94-04c1-424b-9868-57a2d4851a1d" relativeResultsDirectory="bda11595-aeaf-4cb5-b06e-b2ce67ab13dc">
    </UnitTestResult>
    <UnitTestResult executionId="f12f30ce-95cd-4d01-9df5-d1cba8235aab" testId="dfebe8ed-4840-85d9-4beb-4cd06f95a4f3" testName="SetSite" computerName="DIS-VM-VS2010-H" testType="13cdc9d9-ddb5-4fa4-a97d-d965ccfc6d4b" outcome="NotExecuted" testListId="8c84fa94-04c1-424b-9868-57a2d4851a1d" relativeResultsDirectory="f12f30ce-95cd-4d01-9df5-d1cba8235aab">
    </UnitTestResult>
  </Results>
</TestRun>