<?xml version="1.0" encoding="UTF-8"?>
<TestRun id="4b3fb619-cbb3-4b7e-8a24-c13f8277e4de" name="admin@DIS-VM-VS2010-H 2011-02-20 15:58:12" runUser="DIS-VM-VS2010-H\admin" xmlns="http://microsoft.com/schemas/VisualStudio/TeamTest/2010">
  <TestSettings name="IntegrationTests" id="85f80678-5acf-4267-a4f8-e5bf47bd5e87">
    <Description>This test run configuration uses the VS IDE host type in the test run.</Description>
    <Deployment enabled="false" runDeploymentRoot="admin_DIS-VM-VS2010-H 2011-02-20 15_58_12">
      <DeploymentItem filename="C:\Dev\TwitterStudio\TwitterStudio\bin\Debug\TwitterStudio.dll" />
      <DeploymentItem filename="C:\Program Files\Microsoft Visual Studio 2010 SDK\VisualStudioIntegration\Common\Assemblies\v4.0\Microsoft.VSSDK.UnitTestLibrary.dll" />
      <DeploymentItem filename="c:\Program Files\Microsoft Visual Studio 10.0\Common7\IDE\PublicAssemblies\Microsoft.VSSDK.TestHostFramework.dll" />
    </Deployment>
    <Execution>
      <Hosts>
        <VSSDKTestHostRunConfig name="VS IDE" HiveKind="DevEnv" HiveName="10.0Exp" xmlns="http://microsoft.com/schemas/VisualStudio/SDK/Tools/IdeHostAdapter/2006/06" />
      </Hosts>
      <TestTypeSpecific />
      <AgentRule name="Execution Agents">
      </AgentRule>
    </Execution>
  </TestSettings>
  <Times creation="2011-02-20T15:58:12.2730624-06:00" queuing="2011-02-20T15:58:15.2947008-06:00" start="2011-02-20T15:58:15.7330992-06:00" finish="2011-02-20T15:58:27.8698128-06:00" />
  <ResultSummary outcome="Error">
    <Counters total="9" executed="3" passed="1" error="0" failed="1" timeout="0" aborted="1" inconclusive="0" passedButRunAborted="0" notRunnable="0" notExecuted="6" disconnected="0" warning="0" completed="0" inProgress="0" pending="0" />
    <RunInfos>
      <RunInfo computerName="DIS-VM-VS2010-H" outcome="Error" timestamp="2011-02-20T15:58:27.8688096-06:00">
        <Text>Test host process exited unexpectedly.</Text>
      </RunInfo>
    </RunInfos>
  </ResultSummary>
  <TestDefinitions>
    <UnitTest name="ShowToolwindowNegativeTest" storage="c:\dev\twitterstudio\twitterstudio\twitterstudio_unittests\bin\debug\twitterstudio_unittests.dll" id="ef4916c9-e1ec-fcd3-65af-e25b1db98f5b">
      <Execution id="aee97725-10c8-4d99-8528-9b699aa7a880" />
      <TestMethod codeBase="C:/Dev/TwitterStudio/TwitterStudio/TwitterStudio_UnitTests/bin/Debug/TwitterStudio_UnitTests.DLL" adapterTypeName="Microsoft.VisualStudio.TestTools.TestTypes.Unit.UnitTestAdapter, Microsoft.VisualStudio.QualityTools.Tips.UnitTest.Adapter, Version=10.0.0.0, Culture=neutral, PublicKeyToken=b03f5f7f11d50a3a" className="TwitterStudio_UnitTests.MyToolWindowTest.ShowToolWindowTest, TwitterStudio_UnitTests, Version=0.0.0.0, Culture=neutral, PublicKeyToken=393be956a48c3d34" name="ShowToolwindowNegativeTest" />
    </UnitTest>
    <UnitTest name="IsIVsPackage" storage="c:\dev\twitterstudio\twitterstudio\twitterstudio_unittests\bin\debug\twitterstudio_unittests.dll" id="94a097df-c9c1-b2b0-92c3-fd4f8ddcb35b">
      <Execution id="9884d056-d083-4a0a-8288-541bfbec6f73" />
      <TestMethod codeBase="C:/Dev/TwitterStudio/TwitterStudio/TwitterStudio_UnitTests/bin/Debug/TwitterStudio_UnitTests.DLL" adapterTypeName="Microsoft.VisualStudio.TestTools.TestTypes.Unit.UnitTestAdapter, Microsoft.VisualStudio.QualityTools.Tips.UnitTest.Adapter, Version=10.0.0.0, Culture=neutral, PublicKeyToken=b03f5f7f11d50a3a" className="TwitterStudio_UnitTests.PackageTest, TwitterStudio_UnitTests, Version=0.0.0.0, Culture=neutral, PublicKeyToken=393be956a48c3d34" name="IsIVsPackage" />
    </UnitTest>
    <UnitTest name="CreateInstance" storage="c:\dev\twitterstudio\twitterstudio\twitterstudio_unittests\bin\debug\twitterstudio_unittests.dll" id="5a823876-5b0e-eeca-7666-24d2844c3ede">
      <Execution id="56519126-88ba-4596-8b2d-f6e23e91f64e" />
      <TestMethod codeBase="C:/Dev/TwitterStudio/TwitterStudio/TwitterStudio_UnitTests/bin/Debug/TwitterStudio_UnitTests.DLL" adapterTypeName="Microsoft.VisualStudio.TestTools.TestTypes.Unit.UnitTestAdapter, Microsoft.VisualStudio.QualityTools.Tips.UnitTest.Adapter, Version=10.0.0.0, Culture=neutral, PublicKeyToken=b03f5f7f11d50a3a" className="TwitterStudio_UnitTests.PackageTest, TwitterStudio_UnitTests, Version=0.0.0.0, Culture=neutral, PublicKeyToken=393be956a48c3d34" name="CreateInstance" />
    </UnitTest>
    <UnitTest name="ValidateToolWindowShown" storage="c:\dev\twitterstudio\twitterstudio\twitterstudio_unittests\bin\debug\twitterstudio_unittests.dll" id="f513b619-7ab2-908b-9eb6-dec52e414ab7">
      <Execution id="ed4429ca-48ef-4ccc-b0c9-c04c3cf64ed7" />
      <TestMethod codeBase="C:/Dev/TwitterStudio/TwitterStudio/TwitterStudio_UnitTests/bin/Debug/TwitterStudio_UnitTests.DLL" adapterTypeName="Microsoft.VisualStudio.TestTools.TestTypes.Unit.UnitTestAdapter, Microsoft.VisualStudio.QualityTools.Tips.UnitTest.Adapter, Version=10.0.0.0, Culture=neutral, PublicKeyToken=b03f5f7f11d50a3a" className="TwitterStudio_UnitTests.MyToolWindowTest.ShowToolWindowTest, TwitterStudio_UnitTests, Version=0.0.0.0, Culture=neutral, PublicKeyToken=393be956a48c3d34" name="ValidateToolWindowShown" />
    </UnitTest>
    <UnitTest name="WindowPropertyTest" storage="c:\dev\twitterstudio\twitterstudio\twitterstudio_unittests\bin\debug\twitterstudio_unittests.dll" id="b0bd07b7-f208-c60c-23d6-e543ef9c678c">
      <Execution id="1599c0c0-27f1-4931-b1f5-24b012734366" />
      <TestMethod codeBase="C:/Dev/TwitterStudio/TwitterStudio/TwitterStudio_UnitTests/bin/Debug/TwitterStudio_UnitTests.DLL" adapterTypeName="Microsoft.VisualStudio.TestTools.TestTypes.Unit.UnitTestAdapter, Microsoft.VisualStudio.QualityTools.Tips.UnitTest.Adapter, Version=10.0.0.0, Culture=neutral, PublicKeyToken=b03f5f7f11d50a3a" className="TwitterStudio_UnitTests.MyToolWindowTest.MyToolWindowTest, TwitterStudio_UnitTests, Version=0.0.0.0, Culture=neutral, PublicKeyToken=393be956a48c3d34" name="WindowPropertyTest" />
    </UnitTest>
    <UnitTest name="SetSite" storage="c:\dev\twitterstudio\twitterstudio\twitterstudio_unittests\bin\debug\twitterstudio_unittests.dll" id="dfebe8ed-4840-85d9-4beb-4cd06f95a4f3">
      <Execution id="a8ddbf3c-83d9-4dfb-ba1e-2468c1002872" />
      <TestMethod codeBase="C:/Dev/TwitterStudio/TwitterStudio/TwitterStudio_UnitTests/bin/Debug/TwitterStudio_UnitTests.DLL" adapterTypeName="Microsoft.VisualStudio.TestTools.TestTypes.Unit.UnitTestAdapter, Microsoft.VisualStudio.QualityTools.Tips.UnitTest.Adapter, Version=10.0.0.0, Culture=neutral, PublicKeyToken=b03f5f7f11d50a3a" className="TwitterStudio_UnitTests.PackageTest, TwitterStudio_UnitTests, Version=0.0.0.0, Culture=neutral, PublicKeyToken=393be956a48c3d34" name="SetSite" />
    </UnitTest>
    <UnitTest name="MenuItemCallback" storage="c:\dev\twitterstudio\twitterstudio\twitterstudio_unittests\bin\debug\twitterstudio_unittests.dll" id="8831ae85-2c3a-dc43-342c-51513e288c84">
      <Execution id="50d733c4-f4b4-427c-8485-ffc083821e63" />
      <TestMethod codeBase="C:/Dev/TwitterStudio/TwitterStudio/TwitterStudio_UnitTests/bin/Debug/TwitterStudio_UnitTests.DLL" adapterTypeName="Microsoft.VisualStudio.TestTools.TestTypes.Unit.UnitTestAdapter, Microsoft.VisualStudio.QualityTools.Tips.UnitTest.Adapter, Version=10.0.0.0, Culture=neutral, PublicKeyToken=b03f5f7f11d50a3a" className="TwitterStudio_UnitTests.MenuItemTests.MenuItemTest, TwitterStudio_UnitTests, Version=0.0.0.0, Culture=neutral, PublicKeyToken=393be956a48c3d34" name="MenuItemCallback" />
    </UnitTest>
    <UnitTest name="MyToolWindowConstructorTest" storage="c:\dev\twitterstudio\twitterstudio\twitterstudio_unittests\bin\debug\twitterstudio_unittests.dll" id="c20daa96-d79c-6045-a663-3c1c3885fd25">
      <Execution id="8958aadc-d896-46eb-9b08-faac645f9ce7" />
      <TestMethod codeBase="C:/Dev/TwitterStudio/TwitterStudio/TwitterStudio_UnitTests/bin/Debug/TwitterStudio_UnitTests.DLL" adapterTypeName="Microsoft.VisualStudio.TestTools.TestTypes.Unit.UnitTestAdapter, Microsoft.VisualStudio.QualityTools.Tips.UnitTest.Adapter, Version=10.0.0.0, Culture=neutral, PublicKeyToken=b03f5f7f11d50a3a" className="TwitterStudio_UnitTests.MyToolWindowTest.MyToolWindowTest, TwitterStudio_UnitTests, Version=0.0.0.0, Culture=neutral, PublicKeyToken=393be956a48c3d34" name="MyToolWindowConstructorTest" />
    </UnitTest>
    <UnitTest name="InitializeMenuCommand" storage="c:\dev\twitterstudio\twitterstudio\twitterstudio_unittests\bin\debug\twitterstudio_unittests.dll" id="af6706e6-5d28-505b-0143-562d225de5f8">
      <Execution id="cc01b721-60f1-4fb3-aee4-1cf0576de7be" />
      <TestMethod codeBase="C:/Dev/TwitterStudio/TwitterStudio/TwitterStudio_UnitTests/bin/Debug/TwitterStudio_UnitTests.DLL" adapterTypeName="Microsoft.VisualStudio.TestTools.TestTypes.Unit.UnitTestAdapter, Microsoft.VisualStudio.QualityTools.Tips.UnitTest.Adapter, Version=10.0.0.0, Culture=neutral, PublicKeyToken=b03f5f7f11d50a3a" className="TwitterStudio_UnitTests.MenuItemTests.MenuItemTest, TwitterStudio_UnitTests, Version=0.0.0.0, Culture=neutral, PublicKeyToken=393be956a48c3d34" name="InitializeMenuCommand" />
    </UnitTest>
  </TestDefinitions>
  <TestLists>
    <TestList name="Results Not in a List" id="8c84fa94-04c1-424b-9868-57a2d4851a1d" />
    <TestList name="All Loaded Results" id="19431567-8539-422a-85d7-44ee4e166bda" />
  </TestLists>
  <TestEntries>
    <TestEntry testId="f513b619-7ab2-908b-9eb6-dec52e414ab7" executionId="ed4429ca-48ef-4ccc-b0c9-c04c3cf64ed7" testListId="8c84fa94-04c1-424b-9868-57a2d4851a1d" />
    <TestEntry testId="ef4916c9-e1ec-fcd3-65af-e25b1db98f5b" executionId="aee97725-10c8-4d99-8528-9b699aa7a880" testListId="8c84fa94-04c1-424b-9868-57a2d4851a1d" />
    <TestEntry testId="c20daa96-d79c-6045-a663-3c1c3885fd25" executionId="8958aadc-d896-46eb-9b08-faac645f9ce7" testListId="8c84fa94-04c1-424b-9868-57a2d4851a1d" />
    <TestEntry testId="b0bd07b7-f208-c60c-23d6-e543ef9c678c" executionId="1599c0c0-27f1-4931-b1f5-24b012734366" testListId="8c84fa94-04c1-424b-9868-57a2d4851a1d" />
    <TestEntry testId="af6706e6-5d28-505b-0143-562d225de5f8" executionId="cc01b721-60f1-4fb3-aee4-1cf0576de7be" testListId="8c84fa94-04c1-424b-9868-57a2d4851a1d" />
    <TestEntry testId="8831ae85-2c3a-dc43-342c-51513e288c84" executionId="50d733c4-f4b4-427c-8485-ffc083821e63" testListId="8c84fa94-04c1-424b-9868-57a2d4851a1d" />
    <TestEntry testId="5a823876-5b0e-eeca-7666-24d2844c3ede" executionId="56519126-88ba-4596-8b2d-f6e23e91f64e" testListId="8c84fa94-04c1-424b-9868-57a2d4851a1d" />
    <TestEntry testId="94a097df-c9c1-b2b0-92c3-fd4f8ddcb35b" executionId="9884d056-d083-4a0a-8288-541bfbec6f73" testListId="8c84fa94-04c1-424b-9868-57a2d4851a1d" />
    <TestEntry testId="dfebe8ed-4840-85d9-4beb-4cd06f95a4f3" executionId="a8ddbf3c-83d9-4dfb-ba1e-2468c1002872" testListId="8c84fa94-04c1-424b-9868-57a2d4851a1d" />
  </TestEntries>
  <Results>
    <UnitTestResult executionId="ed4429ca-48ef-4ccc-b0c9-c04c3cf64ed7" testId="f513b619-7ab2-908b-9eb6-dec52e414ab7" testName="ValidateToolWindowShown" computerName="DIS-VM-VS2010-H" duration="00:00:00.7147880" startTime="2011-02-20T15:58:15.8996304-06:00" endTime="2011-02-20T15:58:17.2609728-06:00" testType="13cdc9d9-ddb5-4fa4-a97d-d965ccfc6d4b" outcome="Passed" testListId="8c84fa94-04c1-424b-9868-57a2d4851a1d" relativeResultsDirectory="ed4429ca-48ef-4ccc-b0c9-c04c3cf64ed7">
      <Output>
        <DebugTrace>Building method: Microsoft.VisualStudio.Shell.Interop.IProfferService.ProfferService
Building method: Microsoft.VisualStudio.Shell.Interop.IProfferService.RevokeService
Building method: Microsoft.VisualStudio.Shell.Interop.IUIHostLocale.GetUILocale
Building method: Microsoft.VisualStudio.Shell.Interop.IUIHostLocale.GetDialogFont
Building method: Microsoft.VisualStudio.Shell.Interop.IUIHostLocale2.GetUILocale
Building method: Microsoft.VisualStudio.Shell.Interop.IUIHostLocale2.GetDialogFont
Building method: Microsoft.VisualStudio.Shell.Interop.IUIHostLocale2.LoadUILibrary
Building method: Microsoft.VisualStudio.Shell.Interop.IUIHostLocale2.MungeDialogFont
Building method: Microsoft.VisualStudio.Shell.Interop.IUIHostLocale2.LoadDialog
Building method: Microsoft.VisualStudio.Shell.Interop.IUIHostLocale2.GetUILibraryFileName
Building method: Microsoft.VisualStudio.Shell.Interop.IVsResourceManager.LoadResourceString
Building method: Microsoft.VisualStudio.Shell.Interop.IVsResourceManager.LoadResourceBitmap
Building method: Microsoft.VisualStudio.Shell.Interop.IVsResourceManager.LoadResourceIcon
Building method: Microsoft.VisualStudio.Shell.Interop.IVsResourceManager.LoadResourceBlob
Building method: Microsoft.VisualStudio.Shell.Interop.IVsResourceManager.LoadResourceString2
Building method: Microsoft.VisualStudio.Shell.Interop.IVsResourceManager.LoadResourceBitmap2
Building method: Microsoft.VisualStudio.Shell.Interop.IVsResourceManager.LoadResourceIcon2
Building method: Microsoft.VisualStudio.Shell.Interop.IVsResourceManager.LoadResourceBlob2
Building method: Microsoft.VisualStudio.Shell.Interop.IVsResourceManager.GetSatelliteAssemblyPath
Building method: Microsoft.VisualStudio.Shell.Interop.IVsUIShell.AddNewBFNavigationItem
Building method: Microsoft.VisualStudio.Shell.Interop.IVsUIShell.OnModeChange
Building method: Microsoft.VisualStudio.Shell.Interop.IVsUIShell.GetErrorInfo
Building method: Microsoft.VisualStudio.Shell.Interop.IVsUIShell.GetOpenFileNameViaDlg
Building method: Microsoft.VisualStudio.Shell.Interop.IVsUIShell.GetSaveFileNameViaDlg
Building method: Microsoft.VisualStudio.Shell.Interop.IVsUIShell.GetDirectoryViaBrowseDlg
Building method: Microsoft.VisualStudio.Shell.Interop.IVsUIShell.CenterDialogOnWindow
Building method: Microsoft.VisualStudio.Shell.Interop.IVsUIShell.GetPreviousBFNavigationItem
Building method: Microsoft.VisualStudio.Shell.Interop.IVsUIShell.GetNextBFNavigationItem
Building method: Microsoft.VisualStudio.Shell.Interop.IVsUIShell.GetURLViaDlg
Building method: Microsoft.VisualStudio.Shell.Interop.IVsUIShell.RemoveAdjacentBFNavigationItem
Building method: Microsoft.VisualStudio.Shell.Interop.IVsUIShell.RemoveCurrentNavigationDupes
Building method: Microsoft.VisualStudio.Shell.Interop.IVsUIShell.GetToolWindowEnum
Building method: Microsoft.VisualStudio.Shell.Interop.IVsUIShell.GetDocumentWindowEnum
Building method: Microsoft.VisualStudio.Shell.Interop.IVsUIShell.FindToolWindow
Building method: Microsoft.VisualStudio.Shell.Interop.IVsUIShell.CreateToolWindow
Building method: Microsoft.VisualStudio.Shell.Interop.IVsUIShell.CreateDocumentWindow
Building method: Microsoft.VisualStudio.Shell.Interop.IVsUIShell.SetErrorInfo
Building method: Microsoft.VisualStudio.Shell.Interop.IVsUIShell.ReportErrorInfo
Building method: Microsoft.VisualStudio.Shell.Interop.IVsUIShell.GetDialogOwnerHwnd
Building method: Microsoft.VisualStudio.Shell.Interop.IVsUIShell.EnableModeless
Building method: Microsoft.VisualStudio.Shell.Interop.IVsUIShell.SaveDocDataToFile
Building method: Microsoft.VisualStudio.Shell.Interop.IVsUIShell.SetupToolbar
Building method: Microsoft.VisualStudio.Shell.Interop.IVsUIShell.SetForegroundWindow
Building method: Microsoft.VisualStudio.Shell.Interop.IVsUIShell.TranslateAcceleratorAsACmd
Building method: Microsoft.VisualStudio.Shell.Interop.IVsUIShell.UpdateCommandUI
Building method: Microsoft.VisualStudio.Shell.Interop.IVsUIShell.UpdateDocDataIsDirtyFeedback
Building method: Microsoft.VisualStudio.Shell.Interop.IVsUIShell.RefreshPropertyBrowser
Building method: Microsoft.VisualStudio.Shell.Interop.IVsUIShell.SetWaitCursor
Building method: Microsoft.VisualStudio.Shell.Interop.IVsUIShell.PostExecCommand
Building method: Microsoft.VisualStudio.Shell.Interop.IVsUIShell.ShowContextMenu
Building method: Microsoft.VisualStudio.Shell.Interop.IVsUIShell.ShowMessageBox
Building method: Microsoft.VisualStudio.Shell.Interop.IVsUIShell.SetMRUComboText
Building method: Microsoft.VisualStudio.Shell.Interop.IVsUIShell.SetToolbarVisibleInFullScreen
Building method: Microsoft.VisualStudio.Shell.Interop.IVsUIShell.FindToolWindowEx
Building method: Microsoft.VisualStudio.Shell.Interop.IVsUIShell.GetAppName
Building method: Microsoft.VisualStudio.Shell.Interop.IVsUIShell.GetVSSysColor
Building method: Microsoft.VisualStudio.Shell.Interop.IVsUIShell.SetMRUComboTextW
Building method: Microsoft.VisualStudio.Shell.Interop.IVsUIShell.PostSetFocusMenuCommand
Building method: Microsoft.VisualStudio.Shell.Interop.IVsUIShell.GetCurrentBFNavigationItem
Building method: Microsoft.VisualStudio.Shell.Interop.IVsUIShellOpenDocument.IsDocumentOpen
Building method: Microsoft.VisualStudio.Shell.Interop.IVsUIShellOpenDocument.IsDocumentInAProject
Building method: Microsoft.VisualStudio.Shell.Interop.IVsUIShellOpenDocument.OpenDocumentViaProject
Building method: Microsoft.VisualStudio.Shell.Interop.IVsUIShellOpenDocument.OpenStandardEditor
Building method: Microsoft.VisualStudio.Shell.Interop.IVsUIShellOpenDocument.OpenStandardPreviewer
Building method: Microsoft.VisualStudio.Shell.Interop.IVsUIShellOpenDocument.GetStandardEditorFactory
Building method: Microsoft.VisualStudio.Shell.Interop.IVsUIShellOpenDocument.MapLogicalView
Building method: Microsoft.VisualStudio.Shell.Interop.IVsUIShellOpenDocument.OpenSpecificEditor
Building method: Microsoft.VisualStudio.Shell.Interop.IVsUIShellOpenDocument.InitializeEditorInstance
Building method: Microsoft.VisualStudio.Shell.Interop.IVsUIShellOpenDocument.IsSpecificDocumentViewOpen
Building method: Microsoft.VisualStudio.Shell.Interop.IVsUIShellOpenDocument.OpenDocumentViaProjectWithSpecific
Building method: Microsoft.VisualStudio.Shell.Interop.IVsUIShellOpenDocument.OpenCopyOfStandardEditor
Building method: Microsoft.VisualStudio.Shell.Interop.IVsUIShellOpenDocument.GetFirstDefaultPreviewer
Building method: Microsoft.VisualStudio.Shell.Interop.IVsUIShellOpenDocument.SearchProjectsForRelativePath
Building method: Microsoft.VisualStudio.Shell.Interop.IVsUIShellOpenDocument.AddStandardPreviewer
</DebugTrace>
      </Output>
    </UnitTestResult>
    <UnitTestResult executionId="aee97725-10c8-4d99-8528-9b699aa7a880" testId="ef4916c9-e1ec-fcd3-65af-e25b1db98f5b" testName="ShowToolwindowNegativeTest" computerName="DIS-VM-VS2010-H" duration="00:00:00.1199549" startTime="2011-02-20T15:58:17.2750176-06:00" endTime="2011-02-20T15:58:17.4104496-06:00" testType="13cdc9d9-ddb5-4fa4-a97d-d965ccfc6d4b" outcome="Failed" testListId="8c84fa94-04c1-424b-9868-57a2d4851a1d" relativeResultsDirectory="aee97725-10c8-4d99-8528-9b699aa7a880">
      <Output>
        <ErrorInfo>
          <Message>Test method TwitterStudio_UnitTests.MyToolWindowTest.ShowToolWindowTest.ShowToolwindowNegativeTest did not throw expected exception System.InvalidOperationException. Did not throw expected exception when windowframe object was null</Message>
        </ErrorInfo>
      </Output>
    </UnitTestResult>
    <UnitTestResult executionId="8958aadc-d896-46eb-9b08-faac645f9ce7" testId="c20daa96-d79c-6045-a663-3c1c3885fd25" testName="MyToolWindowConstructorTest" computerName="DIS-VM-VS2010-H" duration="00:00:10.4423088" startTime="2011-02-20T15:58:17.4275040-06:00" endTime="2011-02-20T15:58:27.8698128-06:00" testType="13cdc9d9-ddb5-4fa4-a97d-d965ccfc6d4b" outcome="Aborted" testListId="8c84fa94-04c1-424b-9868-57a2d4851a1d" relativeResultsDirectory="8958aadc-d896-46eb-9b08-faac645f9ce7">
    </UnitTestResult>
    <UnitTestResult executionId="1599c0c0-27f1-4931-b1f5-24b012734366" testId="b0bd07b7-f208-c60c-23d6-e543ef9c678c" testName="WindowPropertyTest" computerName="DIS-VM-VS2010-H" testType="13cdc9d9-ddb5-4fa4-a97d-d965ccfc6d4b" outcome="NotExecuted" testListId="8c84fa94-04c1-424b-9868-57a2d4851a1d" relativeResultsDirectory="1599c0c0-27f1-4931-b1f5-24b012734366">
    </UnitTestResult>
    <UnitTestResult executionId="cc01b721-60f1-4fb3-aee4-1cf0576de7be" testId="af6706e6-5d28-505b-0143-562d225de5f8" testName="InitializeMenuCommand" computerName="DIS-VM-VS2010-H" testType="13cdc9d9-ddb5-4fa4-a97d-d965ccfc6d4b" outcome="NotExecuted" testListId="8c84fa94-04c1-424b-9868-57a2d4851a1d" relativeResultsDirectory="cc01b721-60f1-4fb3-aee4-1cf0576de7be">
    </UnitTestResult>
    <UnitTestResult executionId="50d733c4-f4b4-427c-8485-ffc083821e63" testId="8831ae85-2c3a-dc43-342c-51513e288c84" testName="MenuItemCallback" computerName="DIS-VM-VS2010-H" testType="13cdc9d9-ddb5-4fa4-a97d-d965ccfc6d4b" outcome="NotExecuted" testListId="8c84fa94-04c1-424b-9868-57a2d4851a1d" relativeResultsDirectory="50d733c4-f4b4-427c-8485-ffc083821e63">
    </UnitTestResult>
    <UnitTestResult executionId="56519126-88ba-4596-8b2d-f6e23e91f64e" testId="5a823876-5b0e-eeca-7666-24d2844c3ede" testName="CreateInstance" computerName="DIS-VM-VS2010-H" testType="13cdc9d9-ddb5-4fa4-a97d-d965ccfc6d4b" outcome="NotExecuted" testListId="8c84fa94-04c1-424b-9868-57a2d4851a1d" relativeResultsDirectory="56519126-88ba-4596-8b2d-f6e23e91f64e">
    </UnitTestResult>
    <UnitTestResult executionId="9884d056-d083-4a0a-8288-541bfbec6f73" testId="94a097df-c9c1-b2b0-92c3-fd4f8ddcb35b" testName="IsIVsPackage" computerName="DIS-VM-VS2010-H" testType="13cdc9d9-ddb5-4fa4-a97d-d965ccfc6d4b" outcome="NotExecuted" testListId="8c84fa94-04c1-424b-9868-57a2d4851a1d" relativeResultsDirectory="9884d056-d083-4a0a-8288-541bfbec6f73">
    </UnitTestResult>
    <UnitTestResult executionId="a8ddbf3c-83d9-4dfb-ba1e-2468c1002872" testId="dfebe8ed-4840-85d9-4beb-4cd06f95a4f3" testName="SetSite" computerName="DIS-VM-VS2010-H" testType="13cdc9d9-ddb5-4fa4-a97d-d965ccfc6d4b" outcome="NotExecuted" testListId="8c84fa94-04c1-424b-9868-57a2d4851a1d" relativeResultsDirectory="a8ddbf3c-83d9-4dfb-ba1e-2468c1002872">
    </UnitTestResult>
  </Results>
</TestRun>