<?xml version="1.0" encoding="UTF-8"?>
<TestRun id="5eef7613-a595-4d33-ab4d-9b463b10ec76" name="admin@DIS-VM-VS2010-H 2011-02-20 15:46:07" runUser="DIS-VM-VS2010-H\admin" xmlns="http://microsoft.com/schemas/VisualStudio/TeamTest/2010">
  <TestSettings name="IntegrationTests" id="85f80678-5acf-4267-a4f8-e5bf47bd5e87">
    <Description>This test run configuration uses the VS IDE host type in the test run.</Description>
    <Deployment enabled="false" runDeploymentRoot="admin_DIS-VM-VS2010-H 2011-02-20 15_46_07">
      <DeploymentItem filename="C:\Dev\TwitterStudio\TwitterStudio\bin\Debug\TwitterStudio.dll" />
      <DeploymentItem filename="C:\Program Files\Microsoft Visual Studio 2010 SDK\VisualStudioIntegration\Common\Assemblies\v4.0\Microsoft.VSSDK.UnitTestLibrary.dll" />
      <DeploymentItem filename="c:\Program Files\Microsoft Visual Studio 10.0\Common7\IDE\PublicAssemblies\Microsoft.VSSDK.TestHostFramework.dll" />
    </Deployment>
    <Execution>
      <Hosts>
        <VSSDKTestHostRunConfig name="VS IDE" HiveKind="DevEnv" HiveName="10.0Exp" xmlns="http://microsoft.com/schemas/VisualStudio/SDK/Tools/IdeHostAdapter/2006/06" />
      </Hosts>
      <TestTypeSpecific />
      <AgentRule name="Execution Agents">
      </AgentRule>
    </Execution>
  </TestSettings>
  <Times creation="2011-02-20T15:46:07.9561853-06:00" queuing="2011-02-20T15:46:15.0267389-06:00" start="2011-02-20T15:46:15.6998861-06:00" finish="2011-02-20T15:47:07.8101069-06:00" />
  <ResultSummary outcome="Error">
    <Counters total="9" executed="2" passed="1" error="0" failed="0" timeout="0" aborted="1" inconclusive="0" passedButRunAborted="0" notRunnable="0" notExecuted="7" disconnected="0" warning="0" completed="0" inProgress="0" pending="0" />
    <RunInfos>
      <RunInfo computerName="DIS-VM-VS2010-H" outcome="Error" timestamp="2011-02-20T15:47:07.4188589-06:00">
        <Text>Test host process exited unexpectedly.</Text>
      </RunInfo>
    </RunInfos>
  </ResultSummary>
  <TestDefinitions>
    <UnitTest name="ShowToolwindowNegativeTest" storage="c:\dev\twitterstudio\twitterstudio\twitterstudio_unittests\bin\debug\twitterstudio_unittests.dll" id="ef4916c9-e1ec-fcd3-65af-e25b1db98f5b">
      <Execution id="5b8d25a9-cbc2-49aa-997e-a9daf38f281d" />
      <TestMethod codeBase="C:/Dev/TwitterStudio/TwitterStudio/TwitterStudio_UnitTests/bin/Debug/TwitterStudio_UnitTests.DLL" adapterTypeName="Microsoft.VisualStudio.TestTools.TestTypes.Unit.UnitTestAdapter, Microsoft.VisualStudio.QualityTools.Tips.UnitTest.Adapter, Version=10.0.0.0, Culture=neutral, PublicKeyToken=b03f5f7f11d50a3a" className="TwitterStudio_UnitTests.MyToolWindowTest.ShowToolWindowTest, TwitterStudio_UnitTests, Version=0.0.0.0, Culture=neutral, PublicKeyToken=393be956a48c3d34" name="ShowToolwindowNegativeTest" />
    </UnitTest>
    <UnitTest name="IsIVsPackage" storage="c:\dev\twitterstudio\twitterstudio\twitterstudio_unittests\bin\debug\twitterstudio_unittests.dll" id="94a097df-c9c1-b2b0-92c3-fd4f8ddcb35b">
      <Execution id="2418b2d9-e804-4dda-bc7c-227dff06318a" />
      <TestMethod codeBase="C:/Dev/TwitterStudio/TwitterStudio/TwitterStudio_UnitTests/bin/Debug/TwitterStudio_UnitTests.DLL" adapterTypeName="Microsoft.VisualStudio.TestTools.TestTypes.Unit.UnitTestAdapter, Microsoft.VisualStudio.QualityTools.Tips.UnitTest.Adapter, Version=10.0.0.0, Culture=neutral, PublicKeyToken=b03f5f7f11d50a3a" className="TwitterStudio_UnitTests.PackageTest, TwitterStudio_UnitTests, Version=0.0.0.0, Culture=neutral, PublicKeyToken=393be956a48c3d34" name="IsIVsPackage" />
    </UnitTest>
    <UnitTest name="CreateInstance" storage="c:\dev\twitterstudio\twitterstudio\twitterstudio_unittests\bin\debug\twitterstudio_unittests.dll" id="5a823876-5b0e-eeca-7666-24d2844c3ede">
      <Execution id="c636e73a-04c1-4eb0-b2f2-502484300469" />
      <TestMethod codeBase="C:/Dev/TwitterStudio/TwitterStudio/TwitterStudio_UnitTests/bin/Debug/TwitterStudio_UnitTests.DLL" adapterTypeName="Microsoft.VisualStudio.TestTools.TestTypes.Unit.UnitTestAdapter, Microsoft.VisualStudio.QualityTools.Tips.UnitTest.Adapter, Version=10.0.0.0, Culture=neutral, PublicKeyToken=b03f5f7f11d50a3a" className="TwitterStudio_UnitTests.PackageTest, TwitterStudio_UnitTests, Version=0.0.0.0, Culture=neutral, PublicKeyToken=393be956a48c3d34" name="CreateInstance" />
    </UnitTest>
    <UnitTest name="ValidateToolWindowShown" storage="c:\dev\twitterstudio\twitterstudio\twitterstudio_unittests\bin\debug\twitterstudio_unittests.dll" id="f513b619-7ab2-908b-9eb6-dec52e414ab7">
      <Execution id="2bd77289-b86e-4dc7-8929-c3b54aa66382" />
      <TestMethod codeBase="C:/Dev/TwitterStudio/TwitterStudio/TwitterStudio_UnitTests/bin/Debug/TwitterStudio_UnitTests.DLL" adapterTypeName="Microsoft.VisualStudio.TestTools.TestTypes.Unit.UnitTestAdapter, Microsoft.VisualStudio.QualityTools.Tips.UnitTest.Adapter, Version=10.0.0.0, Culture=neutral, PublicKeyToken=b03f5f7f11d50a3a" className="TwitterStudio_UnitTests.MyToolWindowTest.ShowToolWindowTest, TwitterStudio_UnitTests, Version=0.0.0.0, Culture=neutral, PublicKeyToken=393be956a48c3d34" name="ValidateToolWindowShown" />
    </UnitTest>
    <UnitTest name="WindowPropertyTest" storage="c:\dev\twitterstudio\twitterstudio\twitterstudio_unittests\bin\debug\twitterstudio_unittests.dll" id="b0bd07b7-f208-c60c-23d6-e543ef9c678c">
      <Execution id="f67085bd-eec2-41bb-a188-cc0fbb93bddc" />
      <TestMethod codeBase="C:/Dev/TwitterStudio/TwitterStudio/TwitterStudio_UnitTests/bin/Debug/TwitterStudio_UnitTests.DLL" adapterTypeName="Microsoft.VisualStudio.TestTools.TestTypes.Unit.UnitTestAdapter, Microsoft.VisualStudio.QualityTools.Tips.UnitTest.Adapter, Version=10.0.0.0, Culture=neutral, PublicKeyToken=b03f5f7f11d50a3a" className="TwitterStudio_UnitTests.MyToolWindowTest.MyToolWindowTest, TwitterStudio_UnitTests, Version=0.0.0.0, Culture=neutral, PublicKeyToken=393be956a48c3d34" name="WindowPropertyTest" />
    </UnitTest>
    <UnitTest name="SetSite" storage="c:\dev\twitterstudio\twitterstudio\twitterstudio_unittests\bin\debug\twitterstudio_unittests.dll" id="dfebe8ed-4840-85d9-4beb-4cd06f95a4f3">
      <Execution id="fd4810ef-6d7a-442f-8e4e-700e3017b65e" />
      <TestMethod codeBase="C:/Dev/TwitterStudio/TwitterStudio/TwitterStudio_UnitTests/bin/Debug/TwitterStudio_UnitTests.DLL" adapterTypeName="Microsoft.VisualStudio.TestTools.TestTypes.Unit.UnitTestAdapter, Microsoft.VisualStudio.QualityTools.Tips.UnitTest.Adapter, Version=10.0.0.0, Culture=neutral, PublicKeyToken=b03f5f7f11d50a3a" className="TwitterStudio_UnitTests.PackageTest, TwitterStudio_UnitTests, Version=0.0.0.0, Culture=neutral, PublicKeyToken=393be956a48c3d34" name="SetSite" />
    </UnitTest>
    <UnitTest name="MenuItemCallback" storage="c:\dev\twitterstudio\twitterstudio\twitterstudio_unittests\bin\debug\twitterstudio_unittests.dll" id="8831ae85-2c3a-dc43-342c-51513e288c84">
      <Execution id="f828a5d1-dc66-4cc9-91ad-c9bc0a9e38ba" />
      <TestMethod codeBase="C:/Dev/TwitterStudio/TwitterStudio/TwitterStudio_UnitTests/bin/Debug/TwitterStudio_UnitTests.DLL" adapterTypeName="Microsoft.VisualStudio.TestTools.TestTypes.Unit.UnitTestAdapter, Microsoft.VisualStudio.QualityTools.Tips.UnitTest.Adapter, Version=10.0.0.0, Culture=neutral, PublicKeyToken=b03f5f7f11d50a3a" className="TwitterStudio_UnitTests.MenuItemTests.MenuItemTest, TwitterStudio_UnitTests, Version=0.0.0.0, Culture=neutral, PublicKeyToken=393be956a48c3d34" name="MenuItemCallback" />
    </UnitTest>
    <UnitTest name="MyToolWindowConstructorTest" storage="c:\dev\twitterstudio\twitterstudio\twitterstudio_unittests\bin\debug\twitterstudio_unittests.dll" id="c20daa96-d79c-6045-a663-3c1c3885fd25">
      <Execution id="880d7078-c6d9-42e7-a0f8-f3e7ddf7eb86" />
      <TestMethod codeBase="C:/Dev/TwitterStudio/TwitterStudio/TwitterStudio_UnitTests/bin/Debug/TwitterStudio_UnitTests.DLL" adapterTypeName="Microsoft.VisualStudio.TestTools.TestTypes.Unit.UnitTestAdapter, Microsoft.VisualStudio.QualityTools.Tips.UnitTest.Adapter, Version=10.0.0.0, Culture=neutral, PublicKeyToken=b03f5f7f11d50a3a" className="TwitterStudio_UnitTests.MyToolWindowTest.MyToolWindowTest, TwitterStudio_UnitTests, Version=0.0.0.0, Culture=neutral, PublicKeyToken=393be956a48c3d34" name="MyToolWindowConstructorTest" />
    </UnitTest>
    <UnitTest name="InitializeMenuCommand" storage="c:\dev\twitterstudio\twitterstudio\twitterstudio_unittests\bin\debug\twitterstudio_unittests.dll" id="af6706e6-5d28-505b-0143-562d225de5f8">
      <Execution id="300e51fe-125a-461b-b3e9-5512d5888af8" />
      <TestMethod codeBase="C:/Dev/TwitterStudio/TwitterStudio/TwitterStudio_UnitTests/bin/Debug/TwitterStudio_UnitTests.DLL" adapterTypeName="Microsoft.VisualStudio.TestTools.TestTypes.Unit.UnitTestAdapter, Microsoft.VisualStudio.QualityTools.Tips.UnitTest.Adapter, Version=10.0.0.0, Culture=neutral, PublicKeyToken=b03f5f7f11d50a3a" className="TwitterStudio_UnitTests.MenuItemTests.MenuItemTest, TwitterStudio_UnitTests, Version=0.0.0.0, Culture=neutral, PublicKeyToken=393be956a48c3d34" name="InitializeMenuCommand" />
    </UnitTest>
  </TestDefinitions>
  <TestLists>
    <TestList name="Results Not in a List" id="8c84fa94-04c1-424b-9868-57a2d4851a1d" />
    <TestList name="All Loaded Results" id="19431567-8539-422a-85d7-44ee4e166bda" />
  </TestLists>
  <TestEntries>
    <TestEntry testId="f513b619-7ab2-908b-9eb6-dec52e414ab7" executionId="2bd77289-b86e-4dc7-8929-c3b54aa66382" testListId="8c84fa94-04c1-424b-9868-57a2d4851a1d" />
    <TestEntry testId="ef4916c9-e1ec-fcd3-65af-e25b1db98f5b" executionId="5b8d25a9-cbc2-49aa-997e-a9daf38f281d" testListId="8c84fa94-04c1-424b-9868-57a2d4851a1d" />
    <TestEntry testId="c20daa96-d79c-6045-a663-3c1c3885fd25" executionId="880d7078-c6d9-42e7-a0f8-f3e7ddf7eb86" testListId="8c84fa94-04c1-424b-9868-57a2d4851a1d" />
    <TestEntry testId="b0bd07b7-f208-c60c-23d6-e543ef9c678c" executionId="f67085bd-eec2-41bb-a188-cc0fbb93bddc" testListId="8c84fa94-04c1-424b-9868-57a2d4851a1d" />
    <TestEntry testId="af6706e6-5d28-505b-0143-562d225de5f8" executionId="300e51fe-125a-461b-b3e9-5512d5888af8" testListId="8c84fa94-04c1-424b-9868-57a2d4851a1d" />
    <TestEntry testId="8831ae85-2c3a-dc43-342c-51513e288c84" executionId="f828a5d1-dc66-4cc9-91ad-c9bc0a9e38ba" testListId="8c84fa94-04c1-424b-9868-57a2d4851a1d" />
    <TestEntry testId="5a823876-5b0e-eeca-7666-24d2844c3ede" executionId="c636e73a-04c1-4eb0-b2f2-502484300469" testListId="8c84fa94-04c1-424b-9868-57a2d4851a1d" />
    <TestEntry testId="94a097df-c9c1-b2b0-92c3-fd4f8ddcb35b" executionId="2418b2d9-e804-4dda-bc7c-227dff06318a" testListId="8c84fa94-04c1-424b-9868-57a2d4851a1d" />
    <TestEntry testId="dfebe8ed-4840-85d9-4beb-4cd06f95a4f3" executionId="fd4810ef-6d7a-442f-8e4e-700e3017b65e" testListId="8c84fa94-04c1-424b-9868-57a2d4851a1d" />
  </TestEntries>
  <Results>
    <UnitTestResult executionId="2bd77289-b86e-4dc7-8929-c3b54aa66382" testId="f513b619-7ab2-908b-9eb6-dec52e414ab7" testName="ValidateToolWindowShown" computerName="DIS-VM-VS2010-H" duration="00:00:01.9701126" startTime="2011-02-20T15:46:16.5445805-06:00" endTime="2011-02-20T15:46:19.6264109-06:00" testType="13cdc9d9-ddb5-4fa4-a97d-d965ccfc6d4b" outcome="Passed" testListId="8c84fa94-04c1-424b-9868-57a2d4851a1d" relativeResultsDirectory="2bd77289-b86e-4dc7-8929-c3b54aa66382">
      <Output>
        <DebugTrace>System.ComponentModel.Composition.ChangeRejectedException: The composition remains unchanged. The changes were rejected because of the following error(s): The composition produced multiple composition errors, with 2 root causes. The root causes are provided below. Review the CompositionException.Errors property for more detailed information.

1) No valid exports were found that match the constraint '((exportDefinition.ContractName == "Company.TwitterStudio.Services.ITwitterSerive") AndAlso (exportDefinition.Metadata.ContainsKey("ExportTypeIdentity") AndAlso "Company.TwitterStudio.Services.ITwitterSerive".Equals(exportDefinition.Metadata.get_Item("ExportTypeIdentity"))))', invalid exports may have been rejected.

Resulting in: Cannot set import 'Company.TwitterStudio.TwitterStudioPackage.twitterCmdhandler (ContractName="Company.TwitterStudio.Services.ITwitterSerive")' on part 'Company.TwitterStudio.TwitterStudioPackage'.
Element: Company.TwitterStudio.TwitterStudioPackage.twitterCmdhandler (ContractName="Company.TwitterStudio.Services.ITwitterSerive") --&gt;  Company.TwitterStudio.TwitterStudioPackage

2) No valid exports were found that match the constraint '((exportDefinition.ContractName == "Company.TwitterStudio.Services.IPasteService") AndAlso (exportDefinition.Metadata.ContainsKey("ExportTypeIdentity") AndAlso "Company.TwitterStudio.Services.IPasteService".Equals(exportDefinition.Metadata.get_Item("ExportTypeIdentity"))))', invalid exports may have been rejected.

Resulting in: Cannot set import 'Company.TwitterStudio.TwitterStudioPackage._pasteService (ContractName="Company.TwitterStudio.Services.IPasteService")' on part 'Company.TwitterStudio.TwitterStudioPackage'.
Element: Company.TwitterStudio.TwitterStudioPackage._pasteService (ContractName="Company.TwitterStudio.Services.IPasteService") --&gt;  Company.TwitterStudio.TwitterStudioPackage

   at System.ComponentModel.Composition.CompositionResult.ThrowOnErrors(AtomicComposition atomicComposition)
   at System.ComponentModel.Composition.Hosting.ComposablePartExportProvider.Compose(CompositionBatch batch)
   at System.ComponentModel.Composition.Hosting.CompositionContainer.Compose(CompositionBatch batch)
   at System.ComponentModel.Composition.AttributedModelServices.ComposeParts(CompositionContainer container, Object[] attributedParts)
   at Company.TwitterStudio.TwitterStudioPackage.InitializeImports() in C:\Dev\TwitterStudio\TwitterStudio\TwitterStudioPackage.cs:line 89
Building method: Microsoft.VisualStudio.Shell.Interop.IProfferService.ProfferService
Building method: Microsoft.VisualStudio.Shell.Interop.IProfferService.RevokeService
Building method: Microsoft.VisualStudio.Shell.Interop.IUIHostLocale.GetUILocale
Building method: Microsoft.VisualStudio.Shell.Interop.IUIHostLocale.GetDialogFont
Building method: Microsoft.VisualStudio.Shell.Interop.IUIHostLocale2.GetUILocale
Building method: Microsoft.VisualStudio.Shell.Interop.IUIHostLocale2.GetDialogFont
Building method: Microsoft.VisualStudio.Shell.Interop.IUIHostLocale2.LoadUILibrary
Building method: Microsoft.VisualStudio.Shell.Interop.IUIHostLocale2.MungeDialogFont
Building method: Microsoft.VisualStudio.Shell.Interop.IUIHostLocale2.LoadDialog
Building method: Microsoft.VisualStudio.Shell.Interop.IUIHostLocale2.GetUILibraryFileName
Building method: Microsoft.VisualStudio.Shell.Interop.IVsResourceManager.LoadResourceString
Building method: Microsoft.VisualStudio.Shell.Interop.IVsResourceManager.LoadResourceBitmap
Building method: Microsoft.VisualStudio.Shell.Interop.IVsResourceManager.LoadResourceIcon
Building method: Microsoft.VisualStudio.Shell.Interop.IVsResourceManager.LoadResourceBlob
Building method: Microsoft.VisualStudio.Shell.Interop.IVsResourceManager.LoadResourceString2
Building method: Microsoft.VisualStudio.Shell.Interop.IVsResourceManager.LoadResourceBitmap2
Building method: Microsoft.VisualStudio.Shell.Interop.IVsResourceManager.LoadResourceIcon2
Building method: Microsoft.VisualStudio.Shell.Interop.IVsResourceManager.LoadResourceBlob2
Building method: Microsoft.VisualStudio.Shell.Interop.IVsResourceManager.GetSatelliteAssemblyPath
Building method: Microsoft.VisualStudio.Shell.Interop.IVsUIShell.AddNewBFNavigationItem
Building method: Microsoft.VisualStudio.Shell.Interop.IVsUIShell.OnModeChange
Building method: Microsoft.VisualStudio.Shell.Interop.IVsUIShell.GetErrorInfo
Building method: Microsoft.VisualStudio.Shell.Interop.IVsUIShell.GetOpenFileNameViaDlg
Building method: Microsoft.VisualStudio.Shell.Interop.IVsUIShell.GetSaveFileNameViaDlg
Building method: Microsoft.VisualStudio.Shell.Interop.IVsUIShell.GetDirectoryViaBrowseDlg
Building method: Microsoft.VisualStudio.Shell.Interop.IVsUIShell.CenterDialogOnWindow
Building method: Microsoft.VisualStudio.Shell.Interop.IVsUIShell.GetPreviousBFNavigationItem
Building method: Microsoft.VisualStudio.Shell.Interop.IVsUIShell.GetNextBFNavigationItem
Building method: Microsoft.VisualStudio.Shell.Interop.IVsUIShell.GetURLViaDlg
Building method: Microsoft.VisualStudio.Shell.Interop.IVsUIShell.RemoveAdjacentBFNavigationItem
Building method: Microsoft.VisualStudio.Shell.Interop.IVsUIShell.RemoveCurrentNavigationDupes
Building method: Microsoft.VisualStudio.Shell.Interop.IVsUIShell.GetToolWindowEnum
Building method: Microsoft.VisualStudio.Shell.Interop.IVsUIShell.GetDocumentWindowEnum
Building method: Microsoft.VisualStudio.Shell.Interop.IVsUIShell.FindToolWindow
Building method: Microsoft.VisualStudio.Shell.Interop.IVsUIShell.CreateToolWindow
Building method: Microsoft.VisualStudio.Shell.Interop.IVsUIShell.CreateDocumentWindow
Building method: Microsoft.VisualStudio.Shell.Interop.IVsUIShell.SetErrorInfo
Building method: Microsoft.VisualStudio.Shell.Interop.IVsUIShell.ReportErrorInfo
Building method: Microsoft.VisualStudio.Shell.Interop.IVsUIShell.GetDialogOwnerHwnd
Building method: Microsoft.VisualStudio.Shell.Interop.IVsUIShell.EnableModeless
Building method: Microsoft.VisualStudio.Shell.Interop.IVsUIShell.SaveDocDataToFile
Building method: Microsoft.VisualStudio.Shell.Interop.IVsUIShell.SetupToolbar
Building method: Microsoft.VisualStudio.Shell.Interop.IVsUIShell.SetForegroundWindow
Building method: Microsoft.VisualStudio.Shell.Interop.IVsUIShell.TranslateAcceleratorAsACmd
Building method: Microsoft.VisualStudio.Shell.Interop.IVsUIShell.UpdateCommandUI
Building method: Microsoft.VisualStudio.Shell.Interop.IVsUIShell.UpdateDocDataIsDirtyFeedback
Building method: Microsoft.VisualStudio.Shell.Interop.IVsUIShell.RefreshPropertyBrowser
Building method: Microsoft.VisualStudio.Shell.Interop.IVsUIShell.SetWaitCursor
Building method: Microsoft.VisualStudio.Shell.Interop.IVsUIShell.PostExecCommand
Building method: Microsoft.VisualStudio.Shell.Interop.IVsUIShell.ShowContextMenu
Building method: Microsoft.VisualStudio.Shell.Interop.IVsUIShell.ShowMessageBox
Building method: Microsoft.VisualStudio.Shell.Interop.IVsUIShell.SetMRUComboText
Building method: Microsoft.VisualStudio.Shell.Interop.IVsUIShell.SetToolbarVisibleInFullScreen
Building method: Microsoft.VisualStudio.Shell.Interop.IVsUIShell.FindToolWindowEx
Building method: Microsoft.VisualStudio.Shell.Interop.IVsUIShell.GetAppName
Building method: Microsoft.VisualStudio.Shell.Interop.IVsUIShell.GetVSSysColor
Building method: Microsoft.VisualStudio.Shell.Interop.IVsUIShell.SetMRUComboTextW
Building method: Microsoft.VisualStudio.Shell.Interop.IVsUIShell.PostSetFocusMenuCommand
Building method: Microsoft.VisualStudio.Shell.Interop.IVsUIShell.GetCurrentBFNavigationItem
Building method: Microsoft.VisualStudio.Shell.Interop.IVsUIShellOpenDocument.IsDocumentOpen
Building method: Microsoft.VisualStudio.Shell.Interop.IVsUIShellOpenDocument.IsDocumentInAProject
Building method: Microsoft.VisualStudio.Shell.Interop.IVsUIShellOpenDocument.OpenDocumentViaProject
Building method: Microsoft.VisualStudio.Shell.Interop.IVsUIShellOpenDocument.OpenStandardEditor
Building method: Microsoft.VisualStudio.Shell.Interop.IVsUIShellOpenDocument.OpenStandardPreviewer
Building method: Microsoft.VisualStudio.Shell.Interop.IVsUIShellOpenDocument.GetStandardEditorFactory
Building method: Microsoft.VisualStudio.Shell.Interop.IVsUIShellOpenDocument.MapLogicalView
Building method: Microsoft.VisualStudio.Shell.Interop.IVsUIShellOpenDocument.OpenSpecificEditor
Building method: Microsoft.VisualStudio.Shell.Interop.IVsUIShellOpenDocument.InitializeEditorInstance
Building method: Microsoft.VisualStudio.Shell.Interop.IVsUIShellOpenDocument.IsSpecificDocumentViewOpen
Building method: Microsoft.VisualStudio.Shell.Interop.IVsUIShellOpenDocument.OpenDocumentViaProjectWithSpecific
Building method: Microsoft.VisualStudio.Shell.Interop.IVsUIShellOpenDocument.OpenCopyOfStandardEditor
Building method: Microsoft.VisualStudio.Shell.Interop.IVsUIShellOpenDocument.GetFirstDefaultPreviewer
Building method: Microsoft.VisualStudio.Shell.Interop.IVsUIShellOpenDocument.SearchProjectsForRelativePath
Building method: Microsoft.VisualStudio.Shell.Interop.IVsUIShellOpenDocument.AddStandardPreviewer
Building method: Microsoft.VisualStudio.Shell.Interop.IVsWindowFrame.Show
Building method: Microsoft.VisualStudio.Shell.Interop.IVsWindowFrame.Hide
Building method: Microsoft.VisualStudio.Shell.Interop.IVsWindowFrame.IsVisible
Building method: Microsoft.VisualStudio.Shell.Interop.IVsWindowFrame.ShowNoActivate
Building method: Microsoft.VisualStudio.Shell.Interop.IVsWindowFrame.CloseFrame
Building method: Microsoft.VisualStudio.Shell.Interop.IVsWindowFrame.SetFramePos
Building method: Microsoft.VisualStudio.Shell.Interop.IVsWindowFrame.GetFramePos
Building method: Microsoft.VisualStudio.Shell.Interop.IVsWindowFrame.GetProperty
Building method: Microsoft.VisualStudio.Shell.Interop.IVsWindowFrame.SetProperty
Building method: Microsoft.VisualStudio.Shell.Interop.IVsWindowFrame.GetGuidProperty
Building method: Microsoft.VisualStudio.Shell.Interop.IVsWindowFrame.SetGuidProperty
Building method: Microsoft.VisualStudio.Shell.Interop.IVsWindowFrame.QueryViewInterface
Building method: Microsoft.VisualStudio.Shell.Interop.IVsWindowFrame.IsOnScreen
Building method: Microsoft.VisualStudio.Shell.Interop.IVsWindowFrame2.Advise
Building method: Microsoft.VisualStudio.Shell.Interop.IVsWindowFrame2.Unadvise
Building method: Microsoft.VisualStudio.Shell.Interop.IVsWindowFrame2.ActivateOwnerDockedWindow
</DebugTrace>
      </Output>
    </UnitTestResult>
    <UnitTestResult executionId="5b8d25a9-cbc2-49aa-997e-a9daf38f281d" testId="ef4916c9-e1ec-fcd3-65af-e25b1db98f5b" testName="ShowToolwindowNegativeTest" computerName="DIS-VM-VS2010-H" duration="00:00:47.9960976" startTime="2011-02-20T15:46:19.6916189-06:00" endTime="2011-02-20T15:47:07.6877165-06:00" testType="13cdc9d9-ddb5-4fa4-a97d-d965ccfc6d4b" outcome="Aborted" testListId="8c84fa94-04c1-424b-9868-57a2d4851a1d" relativeResultsDirectory="5b8d25a9-cbc2-49aa-997e-a9daf38f281d">
    </UnitTestResult>
    <UnitTestResult executionId="880d7078-c6d9-42e7-a0f8-f3e7ddf7eb86" testId="c20daa96-d79c-6045-a663-3c1c3885fd25" testName="MyToolWindowConstructorTest" computerName="DIS-VM-VS2010-H" testType="13cdc9d9-ddb5-4fa4-a97d-d965ccfc6d4b" outcome="NotExecuted" testListId="8c84fa94-04c1-424b-9868-57a2d4851a1d" relativeResultsDirectory="880d7078-c6d9-42e7-a0f8-f3e7ddf7eb86">
    </UnitTestResult>
    <UnitTestResult executionId="f67085bd-eec2-41bb-a188-cc0fbb93bddc" testId="b0bd07b7-f208-c60c-23d6-e543ef9c678c" testName="WindowPropertyTest" computerName="DIS-VM-VS2010-H" testType="13cdc9d9-ddb5-4fa4-a97d-d965ccfc6d4b" outcome="NotExecuted" testListId="8c84fa94-04c1-424b-9868-57a2d4851a1d" relativeResultsDirectory="f67085bd-eec2-41bb-a188-cc0fbb93bddc">
    </UnitTestResult>
    <UnitTestResult executionId="300e51fe-125a-461b-b3e9-5512d5888af8" testId="af6706e6-5d28-505b-0143-562d225de5f8" testName="InitializeMenuCommand" computerName="DIS-VM-VS2010-H" testType="13cdc9d9-ddb5-4fa4-a97d-d965ccfc6d4b" outcome="NotExecuted" testListId="8c84fa94-04c1-424b-9868-57a2d4851a1d" relativeResultsDirectory="300e51fe-125a-461b-b3e9-5512d5888af8">
    </UnitTestResult>
    <UnitTestResult executionId="f828a5d1-dc66-4cc9-91ad-c9bc0a9e38ba" testId="8831ae85-2c3a-dc43-342c-51513e288c84" testName="MenuItemCallback" computerName="DIS-VM-VS2010-H" testType="13cdc9d9-ddb5-4fa4-a97d-d965ccfc6d4b" outcome="NotExecuted" testListId="8c84fa94-04c1-424b-9868-57a2d4851a1d" relativeResultsDirectory="f828a5d1-dc66-4cc9-91ad-c9bc0a9e38ba">
    </UnitTestResult>
    <UnitTestResult executionId="c636e73a-04c1-4eb0-b2f2-502484300469" testId="5a823876-5b0e-eeca-7666-24d2844c3ede" testName="CreateInstance" computerName="DIS-VM-VS2010-H" testType="13cdc9d9-ddb5-4fa4-a97d-d965ccfc6d4b" outcome="NotExecuted" testListId="8c84fa94-04c1-424b-9868-57a2d4851a1d" relativeResultsDirectory="c636e73a-04c1-4eb0-b2f2-502484300469">
    </UnitTestResult>
    <UnitTestResult executionId="2418b2d9-e804-4dda-bc7c-227dff06318a" testId="94a097df-c9c1-b2b0-92c3-fd4f8ddcb35b" testName="IsIVsPackage" computerName="DIS-VM-VS2010-H" testType="13cdc9d9-ddb5-4fa4-a97d-d965ccfc6d4b" outcome="NotExecuted" testListId="8c84fa94-04c1-424b-9868-57a2d4851a1d" relativeResultsDirectory="2418b2d9-e804-4dda-bc7c-227dff06318a">
    </UnitTestResult>
    <UnitTestResult executionId="fd4810ef-6d7a-442f-8e4e-700e3017b65e" testId="dfebe8ed-4840-85d9-4beb-4cd06f95a4f3" testName="SetSite" computerName="DIS-VM-VS2010-H" testType="13cdc9d9-ddb5-4fa4-a97d-d965ccfc6d4b" outcome="NotExecuted" testListId="8c84fa94-04c1-424b-9868-57a2d4851a1d" relativeResultsDirectory="fd4810ef-6d7a-442f-8e4e-700e3017b65e">
    </UnitTestResult>
  </Results>
</TestRun>